Component: ARM Compiler 5.06 update 7 (build 960) Tool: armlink [4d3601]

==============================================================================

Section Cross References

    startup_stm32f10x_md.o(RESET) refers to startup_stm32f10x_md.o(STACK) for __initial_sp
    startup_stm32f10x_md.o(RESET) refers to startup_stm32f10x_md.o(.text) for Reset_Handler
    startup_stm32f10x_md.o(RESET) refers to port.o(.emb_text) for SVC_Handler
    startup_stm32f10x_md.o(RESET) refers to port.o(i.SysTick_Handler) for SysTick_Handler
    startup_stm32f10x_md.o(RESET) refers to tim1.o(i.TIM1_UP_IRQHandler) for TIM1_UP_IRQHandler
    startup_stm32f10x_md.o(RESET) refers to remote.o(i.TIM2_IRQHandler) for TIM2_IRQHandler
    startup_stm32f10x_md.o(RESET) refers to tim4.o(i.TIM4_IRQHandler) for TIM4_IRQHandler
    startup_stm32f10x_md.o(RESET) refers to usart1.o(i.USART1_IRQHandler) for USART1_IRQHandler
    startup_stm32f10x_md.o(RESET) refers to wifi.o(i.USART2_IRQHandler) for USART2_IRQHandler
    startup_stm32f10x_md.o(.text) refers to system_stm32f10x.o(i.SystemInit) for SystemInit
    startup_stm32f10x_md.o(.text) refers to entry.o(.ARM.Collect$$$$00000000) for __main
    system_stm32f10x.o(i.SetSysClock) refers to system_stm32f10x.o(i.SetSysClockTo72) for SetSysClockTo72
    system_stm32f10x.o(i.SystemCoreClockUpdate) refers to system_stm32f10x.o(.data) for SystemCoreClock
    system_stm32f10x.o(i.SystemInit) refers to system_stm32f10x.o(i.SetSysClock) for SetSysClock
    main.o(i.main) refers to led.o(i.Led_Init) for Led_Init
    main.o(i.main) refers to key.o(i.Key_Init) for Key_Init
    main.o(i.main) refers to relay.o(i.Relay_Init) for Relay_Init
    main.o(i.main) refers to motor.o(i.Morot_Init) for Morot_Init
    main.o(i.main) refers to usart1.o(i.Usart1_Init) for Usart1_Init
    main.o(i.main) refers to rgb.o(i.RGB_Init) for RGB_Init
    main.o(i.main) refers to dht11.o(i.DHT11_Init) for DHT11_Init
    main.o(i.main) refers to oled.o(i.OLED_Init) for OLED_Init
    main.o(i.main) refers to step_motor.o(i.Step_Motor_Init) for Step_Motor_Init
    main.o(i.main) refers to remote.o(i.Remote_Init) for Remote_Init
    main.o(i.main) refers to wifi.o(i.Gizwits_Init) for Gizwits_Init
    main.o(i.main) refers to tasks.o(i.xTaskCreate) for xTaskCreate
    main.o(i.main) refers to tasks.o(i.vTaskStartScheduler) for vTaskStartScheduler
    main.o(i.main) refers to wifi.o(i.WIFI_Connect) for WIFI_Connect
    main.o(i.main) refers to app.o(.data) for start_task_handle
    main.o(i.main) refers to app.o(i.Start_Task) for Start_Task
    delay.o(i.delay_ms) refers to delay.o(i.delay_us) for delay_us
    usart1.o(i.USART1_IRQHandler) refers to stm32f10x_usart.o(i.USART_GetITStatus) for USART_GetITStatus
    usart1.o(i.USART1_IRQHandler) refers to stm32f10x_usart.o(i.USART_ClearITPendingBit) for USART_ClearITPendingBit
    usart1.o(i.USART1_IRQHandler) refers to stm32f10x_usart.o(i.USART_ReceiveData) for USART_ReceiveData
    usart1.o(i.USART1_IRQHandler) refers to printfa.o(i.__0printf) for __2printf
    usart1.o(i.USART1_IRQHandler) refers to usart1.o(.bss) for u1
    usart1.o(i.Usart1_Init) refers to stm32f10x_rcc.o(i.RCC_APB2PeriphClockCmd) for RCC_APB2PeriphClockCmd
    usart1.o(i.Usart1_Init) refers to stm32f10x_gpio.o(i.GPIO_Init) for GPIO_Init
    usart1.o(i.Usart1_Init) refers to stm32f10x_usart.o(i.USART_Init) for USART_Init
    usart1.o(i.Usart1_Init) refers to stm32f10x_usart.o(i.USART_ITConfig) for USART_ITConfig
    usart1.o(i.Usart1_Init) refers to stm32f10x_usart.o(i.USART_Cmd) for USART_Cmd
    usart1.o(i.fputc) refers to stm32f10x_usart.o(i.USART_GetFlagStatus) for USART_GetFlagStatus
    usart1.o(i.fputc) refers to stm32f10x_usart.o(i.USART_SendData) for USART_SendData
    tim1.o(i.TIM1_Init) refers to stm32f10x_rcc.o(i.RCC_APB2PeriphClockCmd) for RCC_APB2PeriphClockCmd
    tim1.o(i.TIM1_Init) refers to stm32f10x_tim.o(i.TIM_TimeBaseInit) for TIM_TimeBaseInit
    tim1.o(i.TIM1_Init) refers to stm32f10x_tim.o(i.TIM_ClearFlag) for TIM_ClearFlag
    tim1.o(i.TIM1_Init) refers to stm32f10x_tim.o(i.TIM_ARRPreloadConfig) for TIM_ARRPreloadConfig
    tim1.o(i.TIM1_Init) refers to stm32f10x_tim.o(i.TIM_ITConfig) for TIM_ITConfig
    tim1.o(i.TIM1_Init) refers to stm32f10x_tim.o(i.TIM_Cmd) for TIM_Cmd
    tim1.o(i.TIM1_UP_IRQHandler) refers to stm32f10x_tim.o(i.TIM_ClearITPendingBit) for TIM_ClearITPendingBit
    tim1.o(i.TIM1_UP_IRQHandler) refers to gizwits_product.o(i.gizTimerMs) for gizTimerMs
    tim1.o(i.TIM1_UP_IRQHandler) refers to gizwits_protocol.o(i.gizwitsHandle) for gizwitsHandle
    tim1.o(i.TIM1_UP_IRQHandler) refers to gizwits_product.o(.bss) for currentDataPoint
    tim4.o(i.TIM4_IRQHandler) refers to stm32f10x_tim.o(i.TIM_ClearITPendingBit) for TIM_ClearITPendingBit
    tim4.o(i.TIM4_Init) refers to stm32f10x_rcc.o(i.RCC_APB1PeriphClockCmd) for RCC_APB1PeriphClockCmd
    tim4.o(i.TIM4_Init) refers to stm32f10x_tim.o(i.TIM_TimeBaseInit) for TIM_TimeBaseInit
[...]
    i.prvCopyDataFromQueue                   0x08006d34   Section        0  queue.o(i.prvCopyDataFromQueue)
    prvCopyDataFromQueue                     0x08006d35   Thumb Code    42  queue.o(i.prvCopyDataFromQueue)
    i.prvCopyDataToQueue                     0x08006d5e   Section        0  queue.o(i.prvCopyDataToQueue)
    prvCopyDataToQueue                       0x08006d5f   Thumb Code   126  queue.o(i.prvCopyDataToQueue)
    i.prvDeleteTCB                           0x08006ddc   Section        0  tasks.o(i.prvDeleteTCB)
    prvDeleteTCB                             0x08006ddd   Thumb Code    18  tasks.o(i.prvDeleteTCB)
    i.prvGetExpectedIdleTime                 0x08006df0   Section        0  tasks.o(i.prvGetExpectedIdleTime)
    prvGetExpectedIdleTime                   0x08006df1   Thumb Code    56  tasks.o(i.prvGetExpectedIdleTime)
    i.prvGetNextExpireTime                   0x08006e3c   Section        0  timers.o(i.prvGetNextExpireTime)
    prvGetNextExpireTime                     0x08006e3d   Thumb Code    36  timers.o(i.prvGetNextExpireTime)
    i.prvHeapInit                            0x08006e64   Section        0  heap_4.o(i.prvHeapInit)
    prvHeapInit                              0x08006e65   Thumb Code    98  heap_4.o(i.prvHeapInit)
    i.prvIdleTask                            0x08006ee0   Section        0  tasks.o(i.prvIdleTask)
    prvIdleTask                              0x08006ee1   Thumb Code    66  tasks.o(i.prvIdleTask)
    i.prvInitialiseMutex                     0x08006f2c   Section        0  queue.o(i.prvInitialiseMutex)
    prvInitialiseMutex                       0x08006f2d   Thumb Code    30  queue.o(i.prvInitialiseMutex)
    i.prvInitialiseNewQueue                  0x08006f4a   Section        0  queue.o(i.prvInitialiseNewQueue)
    prvInitialiseNewQueue                    0x08006f4b   Thumb Code    42  queue.o(i.prvInitialiseNewQueue)
    i.prvInitialiseNewTask                   0x08006f74   Section        0  tasks.o(i.prvInitialiseNewTask)
    prvInitialiseNewTask                     0x08006f75   Thumb Code   144  tasks.o(i.prvInitialiseNewTask)
    i.prvInitialiseNewTimer                  0x08007004   Section        0  timers.o(i.prvInitialiseNewTimer)
    prvInitialiseNewTimer                    0x08007005   Thumb Code    58  timers.o(i.prvInitialiseNewTimer)
    i.prvInitialiseTaskLists                 0x08007040   Section        0  tasks.o(i.prvInitialiseTaskLists)
    prvInitialiseTaskLists                   0x08007041   Thumb Code    70  tasks.o(i.prvInitialiseTaskLists)
    i.prvInsertBlockIntoFreeList             0x080070a8   Section        0  heap_4.o(i.prvInsertBlockIntoFreeList)
    prvInsertBlockIntoFreeList               0x080070a9   Thumb Code    96  heap_4.o(i.prvInsertBlockIntoFreeList)
    i.prvInsertTimerInActiveList             0x08007110   Section        0  timers.o(i.prvInsertTimerInActiveList)
    prvInsertTimerInActiveList               0x08007111   Thumb Code    80  timers.o(i.prvInsertTimerInActiveList)
    i.prvIsQueueEmpty                        0x08007168   Section        0  queue.o(i.prvIsQueueEmpty)
    prvIsQueueEmpty                          0x08007169   Thumb Code    26  queue.o(i.prvIsQueueEmpty)
    i.prvIsQueueFull                         0x08007182   Section        0  queue.o(i.prvIsQueueFull)
    prvIsQueueFull                           0x08007183   Thumb Code    30  queue.o(i.prvIsQueueFull)
    i.prvNotifyQueueSetContainer             0x080071a0   Section        0  queue.o(i.prvNotifyQueueSetContainer)
    prvNotifyQueueSetContainer               0x080071a1   Thumb Code    76  queue.o(i.prvNotifyQueueSetContainer)
    i.prvProcessExpiredTimer                 0x080071ec   Section        0  timers.o(i.prvProcessExpiredTimer)
    prvProcessExpiredTimer                   0x080071ed   Thumb Code    86  timers.o(i.prvProcessExpiredTimer)
    i.prvProcessReceivedCommands             0x08007248   Section        0  timers.o(i.prvProcessReceivedCommands)
    prvProcessReceivedCommands               0x08007249   Thumb Code   264  timers.o(i.prvProcessReceivedCommands)
    i.prvProcessTimerOrBlockTask             0x08007354   Section        0  timers.o(i.prvProcessTimerOrBlockTask)
    prvProcessTimerOrBlockTask               0x08007355   Thumb Code   102  timers.o(i.prvProcessTimerOrBlockTask)
    i.prvResetNextTaskUnblockTime            0x080073c8   Section        0  tasks.o(i.prvResetNextTaskUnblockTime)
    prvResetNextTaskUnblockTime              0x080073c9   Thumb Code    40  tasks.o(i.prvResetNextTaskUnblockTime)
    i.prvSampleTimeNow                       0x080073f8   Section        0  timers.o(i.prvSampleTimeNow)
    prvSampleTimeNow                         0x080073f9   Thumb Code    40  timers.o(i.prvSampleTimeNow)
    i.prvSwitchTimerLists                    0x08007424   Section        0  timers.o(i.prvSwitchTimerLists)
    prvSwitchTimerLists                      0x08007425   Thumb Code   126  timers.o(i.prvSwitchTimerLists)
    i.prvTaskExitError                       0x080074ac   Section        0  port.o(i.prvTaskExitError)
    prvTaskExitError                         0x080074ad   Thumb Code    22  port.o(i.prvTaskExitError)
    i.prvTimerTask                           0x080074c2   Section        0  timers.o(i.prvTimerTask)
    prvTimerTask                             0x080074c3   Thumb Code    26  timers.o(i.prvTimerTask)
    i.prvUnlockQueue                         0x080074dc   Section        0  queue.o(i.prvUnlockQueue)
    prvUnlockQueue                           0x080074dd   Thumb Code   144  queue.o(i.prvUnlockQueue)
    i.pvPortMalloc                           0x0800756c   Section        0  heap_4.o(i.pvPortMalloc)
    i.pxPortInitialiseStack                  0x0800764c   Section        0  port.o(i.pxPortInitialiseStack)
    i.rbCanRead                              0x08007670   Section        0  ringbuffer.o(i.rbCanRead)
    i.rbCanWrite                             0x080076a8   Section        0  ringbuffer.o(i.rbCanWrite)
    i.rbCapacity                             0x080076c6   Section        0  ringbuffer.o(i.rbCapacity)
    i.rbCreate                               0x080076d4   Section        0  ringbuffer.o(i.rbCreate)
    i.rbRead                                 0x080076ea   Section        0  ringbuffer.o(i.rbRead)
    i.rbWrite                                0x0800778c   Section        0  ringbuffer.o(i.rbWrite)
    i.uartWrite                              0x08007828   Section        0  gizwits_product.o(i.uartWrite)
    i.uxListRemove                           0x08007880   Section        0  list.o(i.uxListRemove)
    i.vApplicationStackOverflowHook          0x080078a8   Section        0  port.o(i.vApplicationStackOverflowHook)
    i.vListInitialise                        0x080078ac   Section        0  list.o(i.vListInitialise)
    i.vListInitialiseItem                    0x080078c6   Section        0  list.o(i.vListInitialiseItem)
    i.vListInsert                            0x080078cc   Section        0  list.o(i.vListInsert)
    i.vListInsertEnd                         0x08007900   Section        0  list.o(i.vListInsertEnd)
    i.vPortEnterCritical                     0x08007918   Section        0  port.o(i.vPortEnterCritical)
    i.vPortExitCritical                      0x0800793c   Section        0  port.o(i.vPortExitCritical)
    i.vPortFree                              0x0800795c   Section        0  heap_4.o(i.vPortFree)
    i.vPortSetupTimerInterrupt               0x080079b4   Section        0  port.o(i.vPortSetupTimerInterrupt)
    i.vPortSuppressTicksAndSleep             0x080079f8   Section        0  port.o(i.vPortSuppressTicksAndSleep)
    i.vQueueAddToRegistry                    0x08007b44   Section        0  queue.o(i.vQueueAddToRegistry)
    i.vQueueWaitForMessageRestricted         0x08007b70   Section        0  queue.o(i.vQueueWaitForMessageRestricted)
    i.vTaskDelay                             0x08007bbc   Section        0  tasks.o(i.vTaskDelay)
    i.vTaskDelete                            0x08007bf0   Section        0  tasks.o(i.vTaskDelete)
    i.vTaskInternalSetTimeOutState           0x08007cbc   Section        0  tasks.o(i.vTaskInternalSetTimeOutState)
    i.vTaskMissedYield                       0x08007cd4   Section        0  tasks.o(i.vTaskMissedYield)
    i.vTaskPlaceOnEventList                  0x08007ce0   Section        0  tasks.o(i.vTaskPlaceOnEventList)
    i.vTaskPlaceOnEventListRestricted        0x08007d00   Section        0  tasks.o(i.vTaskPlaceOnEventListRestricted)
    i.vTaskStartScheduler                    0x08007d28   Section        0  tasks.o(i.vTaskStartScheduler)
    i.vTaskStepTick                          0x08007d98   Section        0  tasks.o(i.vTaskStepTick)
    i.vTaskSuspendAll                        0x08007da8   Section        0  tasks.o(i.vTaskSuspendAll)
    i.vTaskSwitchContext                     0x08007db8   Section        0  tasks.o(i.vTaskSwitchContext)
    i.xPortStartScheduler                    0x08007e38   Section        0  port.o(i.xPortStartScheduler)
    i.xQueueCreateCountingSemaphore          0x08007e6c   Section        0  queue.o(i.xQueueCreateCountingSemaphore)
    i.xQueueCreateMutex                      0x08007e86   Section        0  queue.o(i.xQueueCreateMutex)
    i.xQueueGenericCreate                    0x08007ea8   Section        0  queue.o(i.xQueueGenericCreate)
    i.xQueueGenericReset                     0x08007edc   Section        0  queue.o(i.xQueueGenericReset)
    i.xQueueGenericSend                      0x08007f5c   Section        0  queue.o(i.xQueueGenericSend)
    i.xQueueGenericSendFromISR               0x080080a4   Section        0  queue.o(i.xQueueGenericSendFromISR)
    i.xQueueReceive                          0x0800814c   Section        0  queue.o(i.xQueueReceive)
    i.xTaskCheckForTimeOut                   0x08008250   Section        0  tasks.o(i.xTaskCheckForTimeOut)
    i.xTaskCreate                            0x080082b0   Section        0  tasks.o(i.xTaskCreate)
    i.xTaskGetSchedulerState                 0x08008310   Section        0  tasks.o(i.xTaskGetSchedulerState)
    i.xTaskGetTickCount                      0x08008330   Section        0  tasks.o(i.xTaskGetTickCount)
    i.xTaskIncrementTick                     0x0800833c   Section        0  tasks.o(i.xTaskIncrementTick)
    i.xTaskPriorityDisinherit                0x08008458   Section        0  tasks.o(i.xTaskPriorityDisinherit)
    i.xTaskRemoveFromEventList               0x080084cc   Section        0  tasks.o(i.xTaskRemoveFromEventList)
    i.xTaskResumeAll                         0x08008550   Section        0  tasks.o(i.xTaskResumeAll)
    i.xTimerCreate                           0x08008638   Section        0  timers.o(i.xTimerCreate)
    i.xTimerCreateTimerTask                  0x08008670   Section        0  timers.o(i.xTimerCreateTimerTask)
    i.xTimerGenericCommand                   0x080086ac   Section        0  timers.o(i.xTimerGenericCommand)
    .constdata                               0x08008718   Section     8352  app.o(.constdata)
    .constdata                               0x0800a7b8   Section     2302  oled.o(.constdata)
    .data                                    0x20000000   Section        1  main.o(.data)
    .data                                    0x20000004   Section       63  app.o(.data)
    fan_frame                                0x20000041   Data           1  app.o(.data)
    charge_frame                             0x20000042   Data           1  app.o(.data)
    .data                                    0x20000043   Section        1  key.o(.data)
    key_flag                                 0x20000043   Data           1  key.o(.data)
    .data                                    0x20000044   Section        8  dht11.o(.data)
    .data                                    0x2000004c   Section       13  remote.o(.data)
    .data                                    0x20000059   Section        1  wifi.o(.data)
    data                                     0x20000059   Data           1  wifi.o(.data)
    .data                                    0x2000005a   Section       20  stm32f10x_rcc.o(.data)
    APBAHBPrescTable                         0x2000005a   Data          16  stm32f10x_rcc.o(.data)
    ADCPrescTable                            0x2000006a   Data           4  stm32f10x_rcc.o(.data)
    .data                                    0x20000070   Section        5  gizwits_product.o(.data)
    timerMsCount                             0x20000070   Data           4  gizwits_product.o(.data)
    wifiConnectionStatus                     0x20000074   Data           1  gizwits_product.o(.data)
    .data                                    0x20000078   Section       16  gizwits_protocol.o(.data)
    lastReportTime                           0x20000078   Data           4  gizwits_protocol.o(.data)
    lastRepTime                              0x2000007c   Data           4  gizwits_protocol.o(.data)
    protocolFlag                             0x20000080   Data           1  gizwits_protocol.o(.data)
    protocolCount                            0x20000082   Data           2  gizwits_protocol.o(.data)
    lastData                                 0x20000084   Data           1  gizwits_protocol.o(.data)
    debugCount                               0x20000085   Data           1  gizwits_protocol.o(.data)
    lastStatus                               0x20000086   Data           2  gizwits_protocol.o(.data)
    .data                                    0x20000088   Section       32  heap_4.o(.data)
    xStart                                   0x20000088   Data           8  heap_4.o(.data)
    pxEnd                                    0x20000090   Data           4  heap_4.o(.data)
    xFreeBytesRemaining                      0x20000094   Data           4  heap_4.o(.data)
    xMinimumEverFreeBytesRemaining           0x20000098   Data           4  heap_4.o(.data)
    xNumberOfSuccessfulAllocations           0x2000009c   Data           4  heap_4.o(.data)
    xNumberOfSuccessfulFrees                 0x200000a0   Data           4  heap_4.o(.data)
    xBlockAllocatedBit                       0x200000a4   Data           4  heap_4.o(.data)
    .data                                    0x200000a8   Section       16  port.o(.data)
    uxCriticalNesting                        0x200000a8   Data           4  port.o(.data)
    ulTimerCountsForOneTick                  0x200000ac   Data           4  port.o(.data)
    xMaximumPossibleSuppressedTicks          0x200000b0   Data           4  port.o(.data)
    ulStoppedTimerCompensation               0x200000b4   Data           4  port.o(.data)
    .data                                    0x200000b8   Section       60  tasks.o(.data)
    pxDelayedTaskList                        0x200000bc   Data           4  tasks.o(.data)
    pxOverflowDelayedTaskList                0x200000c0   Data           4  tasks.o(.data)
    uxDeletedTasksWaitingCleanUp             0x200000c4   Data           4  tasks.o(.data)
    uxCurrentNumberOfTasks                   0x200000c8   Data           4  tasks.o(.data)
    xTickCount                               0x200000cc   Data           4  tasks.o(.data)
    uxTopReadyPriority                       0x200000d0   Data           4  tasks.o(.data)
    xSchedulerRunning                        0x200000d4   Data           4  tasks.o(.data)
    xPendedTicks                             0x200000d8   Data           4  tasks.o(.data)
    xYieldPending                            0x200000dc   Data           4  tasks.o(.data)
    xNumOfOverflows                          0x200000e0   Data           4  tasks.o(.data)
    uxTaskNumber                             0x200000e4   Data           4  tasks.o(.data)
    xNextTaskUnblockTime                     0x200000e8   Data           4  tasks.o(.data)
    xIdleTaskHandle                          0x200000ec   Data           4  tasks.o(.data)
    uxSchedulerSuspended                     0x200000f0   Data           4  tasks.o(.data)
    .data                                    0x200000f4   Section       20  timers.o(.data)
    pxCurrentTimerList                       0x200000f4   Data           4  timers.o(.data)
    pxOverflowTimerList                      0x200000f8   Data           4  timers.o(.data)
    xTimerQueue                              0x200000fc   Data           4  timers.o(.data)
    xTimerTaskHandle                         0x20000100   Data           4  timers.o(.data)
    xLastTime                                0x20000104   Data           4  timers.o(.data)
    .data                                    0x20000108   Section        4  stdout.o(.data)
    .bss                                     0x2000010c   Section      102  usart1.o(.bss)
    .bss                                     0x20000172   Section       30  app.o(.bss)
    .bss                                     0x20000190   Section       44  gizwits_product.o(.bss)
    .bss                                     0x200001bc   Section      602  gizwits_protocol.o(.bss)
    rbBuf                                    0x2000039c   Data         122  gizwits_protocol.o(.bss)
    .bss                                     0x20000416   Section    17408  heap_4.o(.bss)
    ucHeap                                   0x20000416   Data       17408  heap_4.o(.bss)
    .bss                                     0x20004818   Section       80  queue.o(.bss)
    .bss                                     0x20004868   Section      200  tasks.o(.bss)
    pxReadyTasksLists                        0x20004868   Data         100  tasks.o(.bss)
    xDelayedTaskList1                        0x200048cc   Data          20  tasks.o(.bss)
    xDelayedTaskList2                        0x200048e0   Data          20  tasks.o(.bss)
    xPendingReadyList                        0x200048f4   Data          20  tasks.o(.bss)
    xTasksWaitingTermination                 0x20004908   Data          20  tasks.o(.bss)
    xSuspendedTaskList                       0x2000491c   Data          20  tasks.o(.bss)
    .bss                                     0x20004930   Section       40  timers.o(.bss)
    xActiveTimerList1                        0x20004930   Data          20  timers.o(.bss)
    xActiveTimerList2                        0x20004944   Data          20  timers.o(.bss)
    STACK                                    0x20004958   Section     1024  startup_stm32f10x_md.o(STACK)

    Global Symbols

    Symbol Name                              Value     Ov Type        Size  Object(Section)

    BuildAttributes$$THM_ISAv4$P$D$K$B$S$PE$A:L22UL41UL21$X:L11$S22US41US21$IEEE1$IW$USESV6$~STKCKD$USESV7$~SHL$OTIME$ROPI$EBA8$MICROLIB$REQ8$PRES8$EABIv2 0x00000000   Number         0  anon$$obj.o ABSOLUTE
    __ARM_use_no_argv                        0x00000000   Number         0  main.o ABSOLUTE
    _printf_a                                0x00000000   Number         0  stubs.o ABSOLUTE
    _printf_c                                0x00000000   Number         0  stubs.o ABSOLUTE
    _printf_charcount                        0x00000000   Number         0  stubs.o ABSOLUTE
    _printf_d                                0x00000000   Number         0  stubs.o ABSOLUTE
    _printf_e                                0x00000000   Number         0  stubs.o ABSOLUTE
    _printf_f                                0x00000000   Number         0  stubs.o ABSOLUTE
    _printf_flags                            0x00000000   Number         0  stubs.o ABSOLUTE
    _printf_fp_dec                           0x00000000   Number         0  stubs.o ABSOLUTE
    _printf_fp_hex                           0x00000000   Number         0  stubs.o ABSOLUTE
    _printf_g                                0x00000000   Number         0  stubs.o ABSOLUTE
    _printf_i                                0x00000000   Number         0  stubs.o ABSOLUTE
    _printf_int_dec                          0x00000000   Number         0  stubs.o ABSOLUTE
    _printf_l                                0x00000000   Number         0  stubs.o ABSOLUTE
    _printf_lc                               0x00000000   Number         0  stubs.o ABSOLUTE
    _printf_ll                               0x00000000   Number         0  stubs.o ABSOLUTE
    _printf_lld                              0x00000000   Number         0  stubs.o ABSOLUTE
    _printf_lli                              0x00000000   Number         0  stubs.o ABSOLUTE
    _printf_llo                              0x00000000   Number         0  stubs.o ABSOLUTE
    _printf_llu                              0x00000000   Number         0  stubs.o ABSOLUTE
    _printf_llx                              0x00000000   Number         0  stubs.o ABSOLUTE
    _printf_longlong_dec                     0x00000000   Number         0  stubs.o ABSOLUTE
    _printf_longlong_hex                     0x00000000   Number         0  stubs.o ABSOLUTE
    _printf_longlong_oct                     0x00000000   Number         0  stubs.o ABSOLUTE
    _printf_ls                               0x00000000   Number         0  stubs.o ABSOLUTE
    _printf_mbtowc                           0x00000000   Number         0  stubs.o ABSOLUTE
    _printf_n                                0x00000000   Number         0  stubs.o ABSOLUTE
    _printf_o                                0x00000000   Number         0  stubs.o ABSOLUTE
    _printf_p                                0x00000000   Number         0  stubs.o ABSOLUTE
    _printf_percent                          0x00000000   Number         0  stubs.o ABSOLUTE
    _printf_pre_padding                      0x00000000   Number         0  stubs.o ABSOLUTE
    _printf_return_value                     0x00000000   Number         0  stubs.o ABSOLUTE
    _printf_s                                0x00000000   Number         0  stubs.o ABSOLUTE
    _printf_sizespec                         0x00000000   Number         0  stubs.o ABSOLUTE
    _printf_str                              0x00000000   Number         0  stubs.o ABSOLUTE
    _printf_truncate_signed                  0x00000000   Number         0  stubs.o ABSOLUTE
    _printf_truncate_unsigned                0x00000000   Number         0  stubs.o ABSOLUTE
    _printf_u                                0x00000000   Number         0  stubs.o ABSOLUTE
    _printf_wc                               0x00000000   Number         0  stubs.o ABSOLUTE
    _printf_wctomb                           0x00000000   Number         0  stubs.o ABSOLUTE
    _printf_widthprec                        0x00000000   Number         0  stubs.o ABSOLUTE
    _printf_x                                0x00000000   Number         0  stubs.o ABSOLUTE
    __arm_fini_                               - Undefined Weak Reference
    __cpp_initialize__aeabi_                  - Undefined Weak Reference
    __cxa_finalize                            - Undefined Weak Reference
    __decompress                              - Undefined Weak Reference
    _clock_init                               - Undefined Weak Reference
    _microlib_exit                            - Undefined Weak Reference
    __Vectors_Size                           0x000000ec   Number         0  startup_stm32f10x_md.o ABSOLUTE
    __Vectors                                0x08000000   Data           4  startup_stm32f10x_md.o(RESET)
    __Vectors_End                            0x080000ec   Data           0  startup_stm32f10x_md.o(RESET)
    __main                                   0x080000ed   Thumb Code     0  entry.o(.ARM.Collect$$$$00000000)
    _main_stk                                0x080000ed   Thumb Code     0  entry2.o(.ARM.Collect$$$$00000001)
    _main_scatterload                        0x080000f1   Thumb Code     0  entry5.o(.ARM.Collect$$$$00000004)
    __main_after_scatterload                 0x080000f5   Thumb Code     0  entry5.o(.ARM.Collect$$$$00000004)
    _main_clock                              0x080000f5   Thumb Code     0  entry7b.o(.ARM.Collect$$$$00000008)
    _main_cpp_init                           0x080000f5   Thumb Code     0  entry8b.o(.ARM.Collect$$$$0000000A)
    _main_init                               0x080000f5   Thumb Code     0  entry9a.o(.ARM.Collect$$$$0000000B)
    __rt_lib_shutdown_fini                   0x080000fd   Thumb Code     0  entry12b.o(.ARM.Collect$$$$0000000E)
    __rt_final_cpp                           0x08000101   Thumb Code     0  entry10a.o(.ARM.Collect$$$$0000000F)
    __rt_final_exit                          0x08000101   Thumb Code     0  entry11a.o(.ARM.Collect$$$$00000011)
    SVC_Handler                              0x08000105   Thumb Code    32  port.o(.emb_text)
    __asm___6_port_c_b95667e2__prvStartFirstTask 0x08000129   Thumb Code    28  port.o(.emb_text)
    PendSV_Handler                           0x08000149   Thumb Code    72  port.o(.emb_text)
    vPortGetIPSR                             0x08000195   Thumb Code     6  port.o(.emb_text)
    Reset_Handler                            0x0800019d   Thumb Code     8  startup_stm32f10x_md.o(.text)
    NMI_Handler                              0x080001a5   Thumb Code     2  startup_stm32f10x_md.o(.text)
    HardFault_Handler                        0x080001a7   Thumb Code     2  startup_stm32f10x_md.o(.text)
    MemManage_Handler                        0x080001a9   Thumb Code     2  startup_stm32f10x_md.o(.text)
    BusFault_Handler                         0x080001ab   Thumb Code     2  startup_stm32f10x_md.o(.text)
    UsageFault_Handler                       0x080001ad   Thumb Code     2  startup_stm32f10x_md.o(.text)
    DebugMon_Handler                         0x080001b1   Thumb Code     2  startup_stm32f10x_md.o(.text)
    ADC1_2_IRQHandler                        0x080001b7   Thumb Code     0  startup_stm32f10x_md.o(.text)
    CAN1_RX1_IRQHandler                      0x080001b7   Thumb Code     0  startup_stm32f10x_md.o(.text)
    CAN1_SCE_IRQHandler                      0x080001b7   Thumb Code     0  startup_stm32f10x_md.o(.text)
    DMA1_Channel1_IRQHandler                 0x080001b7   Thumb Code     0  startup_stm32f10x_md.o(.text)
    DMA1_Channel2_IRQHandler                 0x080001b7   Thumb Code     0  startup_stm32f10x_md.o(.text)
    DMA1_Channel3_IRQHandler                 0x080001b7   Thumb Code     0  startup_stm32f10x_md.o(.text)
    DMA1_Channel4_IRQHandler                 0x080001b7   Thumb Code     0  startup_stm32f10x_md.o(.text)
    DMA1_Channel5_IRQHandler                 0x080001b7   Thumb Code     0  startup_stm32f10x_md.o(.text)
    DMA1_Channel6_IRQHandler                 0x080001b7   Thumb Code     0  startup_stm32f10x_md.o(.text)
    DMA1_Channel7_IRQHandler                 0x080001b7   Thumb Code     0  startup_stm32f10x_md.o(.text)
    EXTI0_IRQHandler                         0x080001b7   Thumb Code     0  startup_stm32f10x_md.o(.text)
    EXTI15_10_IRQHandler                     0x080001b7   Thumb Code     0  startup_stm32f10x_md.o(.text)
    EXTI1_IRQHandler                         0x080001b7   Thumb Code     0  startup_stm32f10x_md.o(.text)
    EXTI2_IRQHandler                         0x080001b7   Thumb Code     0  startup_stm32f10x_md.o(.text)
    EXTI3_IRQHandler                         0x080001b7   Thumb Code     0  startup_stm32f10x_md.o(.text)
    EXTI4_IRQHandler                         0x080001b7   Thumb Code     0  startup_stm32f10x_md.o(.text)
    EXTI9_5_IRQHandler                       0x080001b7   Thumb Code     0  startup_stm32f10x_md.o(.text)
    FLASH_IRQHandler                         0x080001b7   Thumb Code     0  startup_stm32f10x_md.o(.text)
    I2C1_ER_IRQHandler                       0x080001b7   Thumb Code     0  startup_stm32f10x_md.o(.text)
    I2C1_EV_IRQHandler                       0x080001b7   Thumb Code     0  startup_stm32f10x_md.o(.text)
    I2C2_ER_IRQHandler                       0x080001b7   Thumb Code     0  startup_stm32f10x_md.o(.text)
    I2C2_EV_IRQHandler                       0x080001b7   Thumb Code     0  startup_stm32f10x_md.o(.text)
    PVD_IRQHandler                           0x080001b7   Thumb Code     0  startup_stm32f10x_md.o(.text)
    RCC_IRQHandler                           0x080001b7   Thumb Code     0  startup_stm32f10x_md.o(.text)
    RTCAlarm_IRQHandler                      0x080001b7   Thumb Code     0  startup_stm32f10x_md.o(.text)
    RTC_IRQHandler                           0x080001b7   Thumb Code     0  startup_stm32f10x_md.o(.text)
    SPI1_IRQHandler                          0x080001b7   Thumb Code     0  startup_stm32f10x_md.o(.text)
    SPI2_IRQHandler                          0x080001b7   Thumb Code     0  startup_stm32f10x_md.o(.text)
    TAMPER_IRQHandler                        0x080001b7   Thumb Code     0  startup_stm32f10x_md.o(.text)
    TIM1_BRK_IRQHandler                      0x080001b7   Thumb Code     0  startup_stm32f10x_md.o(.text)
    TIM1_CC_IRQHandler                       0x080001b7   Thumb Code     0  startup_stm32f10x_md.o(.text)
    TIM1_TRG_COM_IRQHandler                  0x080001b7   Thumb Code     0  startup_stm32f10x_md.o(.text)
    TIM3_IRQHandler                          0x080001b7   Thumb Code     0  startup_stm32f10x_md.o(.text)
    USART3_IRQHandler                        0x080001b7   Thumb Code     0  startup_stm32f10x_md.o(.text)
    USBWakeUp_IRQHandler                     0x080001b7   Thumb Code     0  startup_stm32f10x_md.o(.text)
    USB_HP_CAN1_TX_IRQHandler                0x080001b7   Thumb Code     0  startup_stm32f10x_md.o(.text)
    USB_LP_CAN1_RX0_IRQHandler               0x080001b7   Thumb Code     0  startup_stm32f10x_md.o(.text)
    WWDG_IRQHandler                          0x080001b7   Thumb Code     0  startup_stm32f10x_md.o(.text)
    __aeabi_memcpy                           0x080001c1   Thumb Code    36  memcpya.o(.text)
    __aeabi_memcpy4                          0x080001c1   Thumb Code     0  memcpya.o(.text)
    __aeabi_memcpy8                          0x080001c1   Thumb Code     0  memcpya.o(.text)
    __aeabi_memset                           0x080001e5   Thumb Code    14  memseta.o(.text)
    __aeabi_memset4                          0x080001e5   Thumb Code     0  memseta.o(.text)
    __aeabi_memset8                          0x080001e5   Thumb Code     0  memseta.o(.text)
    __aeabi_memclr                           0x080001f3   Thumb Code     4  memseta.o(.text)
    __aeabi_memclr4                          0x080001f3   Thumb Code     0  memseta.o(.text)
    __aeabi_memclr8                          0x080001f3   Thumb Code     0  memseta.o(.text)
    _memset$wrapper                          0x080001f7   Thumb Code    18  memseta.o(.text)
    __aeabi_fadd                             0x08000209   Thumb Code   164  fadd.o(.text)
    __aeabi_fsub                             0x080002ad   Thumb Code     6  fadd.o(.text)
    __aeabi_frsub                            0x080002b3   Thumb Code     6  fadd.o(.text)
    __aeabi_fdiv                             0x080002b9   Thumb Code   124  fdiv.o(.text)
    __aeabi_ui2f                             0x08000335   Thumb Code    10  ffltui.o(.text)
    __aeabi_f2uiz                            0x0800033f   Thumb Code    40  ffixui.o(.text)
    __aeabi_f2d                              0x08000367   Thumb Code    38  f2d.o(.text)
    __aeabi_cfcmpeq                          0x0800038d   Thumb Code     0  cfcmple.o(.text)
    __aeabi_cfcmple                          0x0800038d   Thumb Code    20  cfcmple.o(.text)
    __aeabi_uidiv                            0x080003a1   Thumb Code     0  uidiv.o(.text)
    __aeabi_uidivmod                         0x080003a1   Thumb Code    44  uidiv.o(.text)
    __aeabi_uldivmod                         0x080003cd   Thumb Code    98  uldiv.o(.text)
    __I$use$fp                               0x0800042f   Thumb Code     0  iusefp.o(.text)
    _float_round                             0x0800042f   Thumb Code    18  fepilogue.o(.text)
    _float_epilogue                          0x08000441   Thumb Code    92  fepilogue.o(.text)
    __aeabi_dadd                             0x0800049d   Thumb Code   322  dadd.o(.text)
    __aeabi_dsub                             0x080005df   Thumb Code     6  dadd.o(.text)
    __aeabi_drsub                            0x080005e5   Thumb Code     6  dadd.o(.text)
    __aeabi_dmul                             0x080005eb   Thumb Code   228  dmul.o(.text)
    __aeabi_ddiv                             0x080006cf   Thumb Code   222  ddiv.o(.text)
    __aeabi_d2ulz                            0x080007ad   Thumb Code    48  dfixul.o(.text)
    __aeabi_cdrcmple                         0x080007dd   Thumb Code    48  cdrcmple.o(.text)
    __scatterload                            0x0800080d   Thumb Code    28  init.o(.text)
    __scatterload_rt2                        0x0800080d   Thumb Code     0  init.o(.text)
    __aeabi_llsl                             0x08000831   Thumb Code    30  llshl.o(.text)
    _ll_shift_l                              0x08000831   Thumb Code     0  llshl.o(.text)
    __aeabi_llsr                             0x0800084f   Thumb Code    32  llushr.o(.text)
    _ll_ushift_r                             0x0800084f   Thumb Code     0  llushr.o(.text)
    __aeabi_lasr                             0x0800086f   Thumb Code    36  llsshr.o(.text)
    _ll_sshift_r                             0x0800086f   Thumb Code     0  llsshr.o(.text)
    _double_round                            0x08000893   Thumb Code    30  depilogue.o(.text)
    _double_epilogue                         0x080008b1   Thumb Code   156  depilogue.o(.text)
    DHT11_Init                               0x0800094d   Thumb Code    74  dht11.o(i.DHT11_Init)
    DHT11_Read                               0x080009a1   Thumb Code   230  dht11.o(i.DHT11_Read)
    GPIO_Init                                0x08000a99   Thumb Code   278  stm32f10x_gpio.o(i.GPIO_Init)
    GPIO_PinRemapConfig                      0x08000bb1   Thumb Code   138  stm32f10x_gpio.o(i.GPIO_PinRemapConfig)
    GPIO_ReadInputDataBit                    0x08000c41   Thumb Code    18  stm32f10x_gpio.o(i.GPIO_ReadInputDataBit)
    GPIO_ReadOutputDataBit                   0x08000c53   Thumb Code    18  stm32f10x_gpio.o(i.GPIO_ReadOutputDataBit)
    GPIO_ResetBits                           0x08000c65   Thumb Code     4  stm32f10x_gpio.o(i.GPIO_ResetBits)
    GPIO_SetBits                             0x08000c69   Thumb Code     4  stm32f10x_gpio.o(i.GPIO_SetBits)
    Gizwits_Init                             0x08000c6d   Thumb Code    24  wifi.o(i.Gizwits_Init)
    Key_Init                                 0x08000c89   Thumb Code    80  key.o(i.Key_Init)
    Led_Init                                 0x08000ce1   Thumb Code    78  led.o(i.Led_Init)
    Morot_Down                               0x08000d39   Thumb Code    22  motor.o(i.Morot_Down)
    Morot_Init                               0x08000d55   Thumb Code   230  motor.o(i.Morot_Init)
    Morot_Up                                 0x08000e4d   Thumb Code    22  motor.o(i.Morot_Up)
    OLED_Clear                               0x08000e69   Thumb Code    58  oled.o(i.OLED_Clear)
    OLED_DisplayChar                         0x08000ea5   Thumb Code   104  oled.o(i.OLED_DisplayChar)
    OLED_DisplayChin                         0x08000f11   Thumb Code    84  oled.o(i.OLED_DisplayChin)
    OLED_DisplayNewPic                       0x08000f65   Thumb Code   114  oled.o(i.OLED_DisplayNewPic)
    OLED_DisplayPic                          0x08000fd7   Thumb Code    90  oled.o(i.OLED_DisplayPic)
    OLED_DisplayStr                          0x08001031   Thumb Code   122  oled.o(i.OLED_DisplayStr)
    OLED_Init                                0x080010b1   Thumb Code   206  oled.o(i.OLED_Init)
    OLED_Pin_Init                            0x08001185   Thumb Code    70  oled.o(i.OLED_Pin_Init)
    OLED_Send_Cmd                            0x080011d1   Thumb Code    38  oled.o(i.OLED_Send_Cmd)
    OLED_Send_Data                           0x080011fd   Thumb Code    38  oled.o(i.OLED_Send_Data)
    OLED_SetClear                            0x08001229   Thumb Code    88  oled.o(i.OLED_SetClear)
    OLED_Transferdata                        0x08001281   Thumb Code    68  oled.o(i.OLED_Transferdata)
    RCC_APB1PeriphClockCmd                   0x080012c9   Thumb Code    26  stm32f10x_rcc.o(i.RCC_APB1PeriphClockCmd)
    RCC_APB2PeriphClockCmd                   0x080012e9   Thumb Code    26  stm32f10x_rcc.o(i.RCC_APB2PeriphClockCmd)
    RCC_GetClocksFreq                        0x08001309   Thumb Code   192  stm32f10x_rcc.o(i.RCC_GetClocksFreq)
    RGB_Init                                 0x080013dd   Thumb Code    74  rgb.o(i.RGB_Init)
    RGB_SendData                             0x0800142d   Thumb Code    96  rgb.o(i.RGB_SendData)
    RGB_Transferdata                         0x0800148d   Thumb Code    86  rgb.o(i.RGB_Transferdata)
    Relay_Init                               0x080014e9   Thumb Code    42  relay.o(i.Relay_Init)
    Remote_Init                              0x08001519   Thumb Code   324  remote.o(i.Remote_Init)
    Start_Task                               0x08001751   Thumb Code   224  app.o(i.Start_Task)
    Step_Motor_Init                          0x080018ad   Thumb Code    50  step_motor.o(i.Step_Motor_Init)
    Step_Soft_Control                        0x080018e5   Thumb Code   352  step_motor.o(i.Step_Soft_Control)
    SysTick_Handler                          0x08001a49   Thumb Code    46  port.o(i.SysTick_Handler)
    SystemInit                               0x08001a7d   Thumb Code    78  system_stm32f10x.o(i.SystemInit)
    TIM1_Init                                0x08001d1d   Thumb Code   232  tim1.o(i.TIM1_Init)
    TIM1_UP_IRQHandler                       0x08001e11   Thumb Code    22  tim1.o(i.TIM1_UP_IRQHandler)
    TIM2_IRQHandler                          0x08001e31   Thumb Code   166  remote.o(i.TIM2_IRQHandler)
    TIM4_IRQHandler                          0x08001eed   Thumb Code    12  tim4.o(i.TIM4_IRQHandler)
    TIM_ARRPreloadConfig                     0x08001efd   Thumb Code    24  stm32f10x_tim.o(i.TIM_ARRPreloadConfig)
    TIM_ClearFlag                            0x08001f15   Thumb Code     6  stm32f10x_tim.o(i.TIM_ClearFlag)
    TIM_ClearITPendingBit                    0x08001f1b   Thumb Code     6  stm32f10x_tim.o(i.TIM_ClearITPendingBit)
    TIM_Cmd                                  0x08001f21   Thumb Code    24  stm32f10x_tim.o(i.TIM_Cmd)
    TIM_GetCapture2                          0x08001f39   Thumb Code     6  stm32f10x_tim.o(i.TIM_GetCapture2)
    TIM_GetITStatus                          0x08001f3f   Thumb Code    34  stm32f10x_tim.o(i.TIM_GetITStatus)
    TIM_ICInit                               0x08001f61   Thumb Code   150  stm32f10x_tim.o(i.TIM_ICInit)
    TIM_ITConfig                             0x0800200d   Thumb Code    18  stm32f10x_tim.o(i.TIM_ITConfig)
    TIM_OC1Init                              0x08002021   Thumb Code   132  stm32f10x_tim.o(i.TIM_OC1Init)
    TIM_OC1PreloadConfig                     0x080020b9   Thumb Code    18  stm32f10x_tim.o(i.TIM_OC1PreloadConfig)
    TIM_OC2Init                              0x080020cd   Thumb Code   154  stm32f10x_tim.o(i.TIM_OC2Init)
    TIM_OC2PolarityConfig                    0x08002171   Thumb Code    26  stm32f10x_tim.o(i.TIM_OC2PolarityConfig)
    TIM_OC2PreloadConfig                     0x0800218b   Thumb Code    26  stm32f10x_tim.o(i.TIM_OC2PreloadConfig)
    TIM_SetCompare1                          0x080021a5   Thumb Code     4  stm32f10x_tim.o(i.TIM_SetCompare1)
    TIM_SetCompare2                          0x080021a9   Thumb Code     4  stm32f10x_tim.o(i.TIM_SetCompare2)
    TIM_SetCounter                           0x080021ad   Thumb Code     4  stm32f10x_tim.o(i.TIM_SetCounter)
    TIM_SetIC1Prescaler                      0x080021b1   Thumb Code    18  stm32f10x_tim.o(i.TIM_SetIC1Prescaler)
    TIM_SetIC2Prescaler                      0x080021c3   Thumb Code    26  stm32f10x_tim.o(i.TIM_SetIC2Prescaler)
    TIM_SetIC3Prescaler                      0x080021dd   Thumb Code    18  stm32f10x_tim.o(i.TIM_SetIC3Prescaler)
    TIM_SetIC4Prescaler                      0x080021ef   Thumb Code    26  stm32f10x_tim.o(i.TIM_SetIC4Prescaler)
    TIM_TimeBaseInit                         0x08002209   Thumb Code   122  stm32f10x_tim.o(i.TIM_TimeBaseInit)
    Task1                                    0x080022ad   Thumb Code  2430  app.o(i.Task1)
    Task2                                    0x08002c59   Thumb Code   108  app.o(i.Task2)
    Task3                                    0x08002cdd   Thumb Code  2470  app.o(i.Task3)
    Timer1_CallBack                          0x08003689   Thumb Code    18  app.o(i.Timer1_CallBack)
    Timer2_CallBack                          0x080036a9   Thumb Code   106  app.o(i.Timer2_CallBack)
    USART1_IRQHandler                        0x08003741   Thumb Code   102  usart1.o(i.USART1_IRQHandler)
    USART2_IRQHandler                        0x080037b5   Thumb Code    44  wifi.o(i.USART2_IRQHandler)
    USART_ClearITPendingBit                  0x080037e9   Thumb Code    30  stm32f10x_usart.o(i.USART_ClearITPendingBit)
    USART_Cmd                                0x08003807   Thumb Code    24  stm32f10x_usart.o(i.USART_Cmd)
    USART_GetFlagStatus                      0x0800381f   Thumb Code    26  stm32f10x_usart.o(i.USART_GetFlagStatus)
    USART_GetITStatus                        0x08003839   Thumb Code    84  stm32f10x_usart.o(i.USART_GetITStatus)
    USART_ITConfig                           0x0800388d   Thumb Code    74  stm32f10x_usart.o(i.USART_ITConfig)
    USART_Init                               0x080038d9   Thumb Code   210  stm32f10x_usart.o(i.USART_Init)
    USART_ReceiveData                        0x080039b1   Thumb Code    10  stm32f10x_usart.o(i.USART_ReceiveData)
    USART_SendData                           0x080039bb   Thumb Code     8  stm32f10x_usart.o(i.USART_SendData)
    Usart1_Init                              0x080039c5   Thumb Code   314  usart1.o(i.Usart1_Init)
    Usart2_Init                              0x08003b11   Thumb Code   304  wifi.o(i.Usart2_Init)
    WIFI_Connect                             0x08003c51   Thumb Code    74  wifi.o(i.WIFI_Connect)
    __0printf                                0x08003ced   Thumb Code    22  printfa.o(i.__0printf)
    __1printf                                0x08003ced   Thumb Code     0  printfa.o(i.__0printf)
    __2printf                                0x08003ced   Thumb Code     0  printfa.o(i.__0printf)
    __c89printf                              0x08003ced   Thumb Code     0  printfa.o(i.__0printf)
    printf                                   0x08003ced   Thumb Code     0  printfa.o(i.__0printf)
    __0sprintf                               0x08003d0d   Thumb Code    34  printfa.o(i.__0sprintf)
    __1sprintf                               0x08003d0d   Thumb Code     0  printfa.o(i.__0sprintf)
    __2sprintf                               0x08003d0d   Thumb Code     0  printfa.o(i.__0sprintf)
    __c89sprintf                             0x08003d0d   Thumb Code     0  printfa.o(i.__0sprintf)
    sprintf                                  0x08003d0d   Thumb Code     0  printfa.o(i.__0sprintf)
    __scatterload_copy                       0x08003d35   Thumb Code    14  handlers.o(i.__scatterload_copy)
    __scatterload_null                       0x08003d43   Thumb Code     2  handlers.o(i.__scatterload_null)
    __scatterload_zeroinit                   0x08003d45   Thumb Code    14  handlers.o(i.__scatterload_zeroinit)
    delay_ms                                 0x080045e9   Thumb Code    24  delay.o(i.delay_ms)
    delay_us                                 0x08004601   Thumb Code   156  delay.o(i.delay_us)
    eTaskConfirmSleepModeStatus              0x0800469d   Thumb Code    52  tasks.o(i.eTaskConfirmSleepModeStatus)
    exchangeBytes                            0x080046e5   Thumb Code    26  common.o(i.exchangeBytes)
    exchangeWord                             0x080046ff   Thumb Code    26  common.o(i.exchangeWord)
    fputc                                    0x08004719   Thumb Code    32  usart1.o(i.fputc)
    gizAcrossByteJudge                       0x0800473d   Thumb Code    42  datapointtools.o(i.gizAcrossByteJudge)
    gizByteOrderExchange                     0x08004767   Thumb Code    50  datapointtools.o(i.gizByteOrderExchange)
    gizGetTimerCount                         0x08004d81   Thumb Code     6  gizwits_product.o(i.gizGetTimerCount)
    gizProtocolSum                           0x08005bfd   Thumb Code    38  common.o(i.gizProtocolSum)
    gizPutData                               0x08005cd1   Thumb Code    52  gizwits_protocol.o(i.gizPutData)
    gizStandardCompressValue                 0x08005e19   Thumb Code   128  datapointtools.o(i.gizStandardCompressValue)
    gizStandardDecompressionValue            0x08005e99   Thumb Code   194  datapointtools.o(i.gizStandardDecompressionValue)
    gizTimerMs                               0x08005f5d   Thumb Code    12  gizwits_product.o(i.gizTimerMs)
    gizX2Y                                   0x08005f6d   Thumb Code    12  datapointtools.o(i.gizX2Y)
    gizY2X                                   0x08005f79   Thumb Code    14  datapointtools.o(i.gizY2X)
    gizY2XFloat                              0x08005f87   Thumb Code    42  datapointtools.o(i.gizY2XFloat)
    gizwitsEventProcess                      0x08005fb1   Thumb Code   598  gizwits_product.o(i.gizwitsEventProcess)
    gizwitsGetNTP                            0x0800634d   Thumb Code    94  gizwits_protocol.o(i.gizwitsGetNTP)
    gizwitsHandle                            0x080063d1   Thumb Code   546  gizwits_protocol.o(i.gizwitsHandle)
    gizwitsInit                              0x080066f1   Thumb Code    46  gizwits_protocol.o(i.gizwitsInit)
    gizwitsSetMode                           0x08006755   Thumb Code   590  gizwits_protocol.o(i.gizwitsSetMode)
    key_scanf                                0x080069dd   Thumb Code   150  key.o(i.key_scanf)
    main                                     0x08006a81   Thumb Code   110  main.o(i.main)
    mcuRestart                               0x08006b0d   Thumb Code    38  gizwits_product.o(i.mcuRestart)
    pvPortMalloc                             0x0800756d   Thumb Code   198  heap_4.o(i.pvPortMalloc)
    pxPortInitialiseStack                    0x0800764d   Thumb Code    30  port.o(i.pxPortInitialiseStack)
    rbCanRead                                0x08007671   Thumb Code    56  ringbuffer.o(i.rbCanRead)
    rbCanWrite                               0x080076a9   Thumb Code    30  ringbuffer.o(i.rbCanWrite)
    rbCapacity                               0x080076c7   Thumb Code    14  ringbuffer.o(i.rbCapacity)
    rbCreate                                 0x080076d5   Thumb Code    22  ringbuffer.o(i.rbCreate)
    rbRead                                   0x080076eb   Thumb Code   162  ringbuffer.o(i.rbRead)
    rbWrite                                  0x0800778d   Thumb Code   154  ringbuffer.o(i.rbWrite)
    uartWrite                                0x08007829   Thumb Code    82  gizwits_product.o(i.uartWrite)
    uxListRemove                             0x08007881   Thumb Code    40  list.o(i.uxListRemove)
    vApplicationStackOverflowHook            0x080078a9   Thumb Code     4  port.o(i.vApplicationStackOverflowHook)
    vListInitialise                          0x080078ad   Thumb Code    26  list.o(i.vListInitialise)
    vListInitialiseItem                      0x080078c7   Thumb Code     6  list.o(i.vListInitialiseItem)
    vListInsert                              0x080078cd   Thumb Code    52  list.o(i.vListInsert)
    vListInsertEnd                           0x08007901   Thumb Code    24  list.o(i.vListInsertEnd)
    vPortEnterCritical                       0x08007919   Thumb Code    30  port.o(i.vPortEnterCritical)
    vPortExitCritical                        0x0800793d   Thumb Code    28  port.o(i.vPortExitCritical)
    vPortFree                                0x0800795d   Thumb Code    74  heap_4.o(i.vPortFree)
    vPortSetupTimerInterrupt                 0x080079b5   Thumb Code    50  port.o(i.vPortSetupTimerInterrupt)
    vPortSuppressTicksAndSleep               0x080079f9   Thumb Code   320  port.o(i.vPortSuppressTicksAndSleep)
    vQueueAddToRegistry                      0x08007b45   Thumb Code    38  queue.o(i.vQueueAddToRegistry)
    vQueueWaitForMessageRestricted           0x08007b71   Thumb Code    74  queue.o(i.vQueueWaitForMessageRestricted)
    vTaskDelay                               0x08007bbd   Thumb Code    46  tasks.o(i.vTaskDelay)
    vTaskDelete                              0x08007bf1   Thumb Code   166  tasks.o(i.vTaskDelete)
    vTaskInternalSetTimeOutState             0x08007cbd   Thumb Code    14  tasks.o(i.vTaskInternalSetTimeOutState)
    vTaskMissedYield                         0x08007cd5   Thumb Code     8  tasks.o(i.vTaskMissedYield)
    vTaskPlaceOnEventList                    0x08007ce1   Thumb Code    28  tasks.o(i.vTaskPlaceOnEventList)
    vTaskPlaceOnEventListRestricted          0x08007d01   Thumb Code    36  tasks.o(i.vTaskPlaceOnEventListRestricted)
    vTaskStartScheduler                      0x08007d29   Thumb Code    82  tasks.o(i.vTaskStartScheduler)
    vTaskStepTick                            0x08007d99   Thumb Code    12  tasks.o(i.vTaskStepTick)
    vTaskSuspendAll                          0x08007da9   Thumb Code    12  tasks.o(i.vTaskSuspendAll)
    vTaskSwitchContext                       0x08007db9   Thumb Code   106  tasks.o(i.vTaskSwitchContext)
    xPortStartScheduler                      0x08007e39   Thumb Code    42  port.o(i.xPortStartScheduler)
    xQueueCreateCountingSemaphore            0x08007e6d   Thumb Code    26  queue.o(i.xQueueCreateCountingSemaphore)
    xQueueCreateMutex                        0x08007e87   Thumb Code    34  queue.o(i.xQueueCreateMutex)
    xQueueGenericCreate                      0x08007ea9   Thumb Code    52  queue.o(i.xQueueGenericCreate)
    xQueueGenericReset                       0x08007edd   Thumb Code   122  queue.o(i.xQueueGenericReset)
    xQueueGenericSend                        0x08007f5d   Thumb Code   322  queue.o(i.xQueueGenericSend)
    xQueueGenericSendFromISR                 0x080080a5   Thumb Code   168  queue.o(i.xQueueGenericSendFromISR)
    xQueueReceive                            0x0800814d   Thumb Code   256  queue.o(i.xQueueReceive)
    xTaskCheckForTimeOut                     0x08008251   Thumb Code    88  tasks.o(i.xTaskCheckForTimeOut)
    xTaskCreate                              0x080082b1   Thumb Code    96  tasks.o(i.xTaskCreate)
    xTaskGetSchedulerState                   0x08008311   Thumb Code    24  tasks.o(i.xTaskGetSchedulerState)
    xTaskGetTickCount                        0x08008331   Thumb Code     6  tasks.o(i.xTaskGetTickCount)
    xTaskIncrementTick                       0x0800833d   Thumb Code   238  tasks.o(i.xTaskIncrementTick)
    xTaskPriorityDisinherit                  0x08008459   Thumb Code   108  tasks.o(i.xTaskPriorityDisinherit)
    xTaskRemoveFromEventList                 0x080084cd   Thumb Code   108  tasks.o(i.xTaskRemoveFromEventList)
    xTaskResumeAll                           0x08008551   Thumb Code   196  tasks.o(i.xTaskResumeAll)
    xTimerCreate                             0x08008639   Thumb Code    54  timers.o(i.xTimerCreate)
    xTimerCreateTimerTask                    0x08008671   Thumb Code    40  timers.o(i.xTimerCreateTimerTask)
    xTimerGenericCommand                     0x080086ad   Thumb Code   104  timers.o(i.xTimerGenericCommand)
    other                                    0x08008718   Data          96  app.o(.constdata)
    homepage                                 0x08008778   Data        4480  app.o(.constdata)
    relay                                    0x080098f8   Data         256  app.o(.constdata)
    motor                                    0x080099f8   Data         576  app.o(.constdata)
    gif32x32                                 0x08009c38   Data         640  app.o(.constdata)
    step                                     0x08009eb8   Data        2304  app.o(.constdata)
    HZ16                                     0x0800a7b8   Data         782  oled.o(.constdata)
    Aciss_8X16                               0x0800aac6   Data        1520  oled.o(.constdata)
    Region$$Table$$Base                      0x0800b0b8   Number         0  anon$$obj.o(Region$$Table)
    Region$$Table$$Limit                     0x0800b0d8   Number         0  anon$$obj.o(Region$$Table)
    key                                      0x20000000   Data           1  main.o(.data)
    start_task_handle                        0x20000004   Data           4  app.o(.data)
    task1_handle                             0x20000008   Data           4  app.o(.data)
    task2_handle                             0x2000000c   Data           4  app.o(.data)
    task3_handle                             0x20000010   Data           4  app.o(.data)
    timer1_handle                            0x20000014   Data           4  app.o(.data)
    timer2_handle                            0x20000018   Data           4  app.o(.data)
    timer3_handle                            0x2000001c   Data           4  app.o(.data)
    queue1_handle                            0x20000020   Data           4  app.o(.data)
    semp1_handle                             0x20000024   Data           4  app.o(.data)
    semp2_handle                             0x20000028   Data           4  app.o(.data)
    semp3_handle                             0x2000002c   Data           4  app.o(.data)
    page_flag                                0x20000030   Data           1  app.o(.data)
    ui_flag                                  0x20000031   Data           1  app.o(.data)
    led_flag                                 0x20000032   Data           1  app.o(.data)
    motor_speed                              0x20000033   Data           1  app.o(.data)
    rgb                                      0x20000034   Data           4  app.o(.data)
    rgb_old                                  0x20000038   Data           4  app.o(.data)
    step_flag                                0x2000003c   Data           1  app.o(.data)
    oled_ref                                 0x2000003d   Data           1  app.o(.data)
    relay_flag                               0x2000003e   Data           1  app.o(.data)
    menu                                     0x2000003f   Data           1  app.o(.data)
    remote_clear                             0x20000040   Data           1  app.o(.data)
    dht_temp                                 0x20000044   Data           4  dht11.o(.data)
    dht_humi                                 0x20000048   Data           4  dht11.o(.data)
    remote_flag                              0x2000004c   Data           1  remote.o(.data)
    cnt                                      0x20000050   Data           4  remote.o(.data)
    remote_data                              0x20000054   Data           4  remote.o(.data)
    remote_key                               0x20000058   Data           1  remote.o(.data)
    pxCurrentTCB                             0x200000b8   Data           4  tasks.o(.data)
    __stdout                                 0x20000108   Data           4  stdout.o(.data)
    u1                                       0x2000010c   Data         102  usart1.o(.bss)
    str                                      0x20000172   Data          30  app.o(.bss)
    currentDataPoint                         0x20000190   Data          29  gizwits_product.o(.bss)
    ntp_time                                 0x200001b0   Data          12  gizwits_product.o(.bss)
    gizwitsProtocol                          0x200001bc   Data         464  gizwits_protocol.o(.bss)
    pRb                                      0x2000038c   Data          16  gizwits_protocol.o(.bss)
    xQueueRegistry                           0x20004818   Data          80  queue.o(.bss)
    __initial_sp                             0x20004d58   Data           0  startup_stm32f10x_md.o(STACK)



==============================================================================

Memory Map of the image

  Image Entry point : 0x080000ed

  Load Region LR_IROM1 (Base: 0x08000000, Size: 0x0000b1e4, Max: 0x00010000, ABSOLUTE)

    Execution Region ER_IROM1 (Exec base: 0x08000000, Load base: 0x08000000, Size: 0x0000b0d8, Max: 0x00010000, ABSOLUTE)

    Exec Addr    Load Addr    Size         Type   Attr      Idx    E Section Name        Object

    0x08000000   0x08000000   0x000000ec   Data   RO           19    RESET               startup_stm32f10x_md.o
    0x080000ec   0x080000ec   0x00000000   Code   RO         5170  * .ARM.Collect$$$$00000000  mc_w.l(entry.o)
    0x080000ec   0x080000ec   0x00000004   Code   RO         5458    .ARM.Collect$$$$00000001  mc_w.l(entry2.o)
    0x080000f0   0x080000f0   0x00000004   Code   RO         5461    .ARM.Collect$$$$00000004  mc_w.l(entry5.o)
    0x080000f4   0x080000f4   0x00000000   Code   RO         5463    .ARM.Collect$$$$00000008  mc_w.l(entry7b.o)
    0x080000f4   0x080000f4   0x00000000   Code   RO         5465    .ARM.Collect$$$$0000000A  mc_w.l(entry8b.o)
    0x080000f4   0x080000f4   0x00000008   Code   RO         5466    .ARM.Collect$$$$0000000B  mc_w.l(entry9a.o)
    0x080000fc   0x080000fc   0x00000004   Code   RO         5473    .ARM.Collect$$$$0000000E  mc_w.l(entry12b.o)
    0x08000100   0x08000100   0x00000000   Code   RO         5468    .ARM.Collect$$$$0000000F  mc_w.l(entry10a.o)
    0x08000100   0x08000100   0x00000000   Code   RO         5470    .ARM.Collect$$$$00000011  mc_w.l(entry11a.o)
    0x08000100   0x08000100   0x00000004   Code   RO         5459    .ARM.Collect$$$$00002712  mc_w.l(entry2.o)
    0x08000104   0x08000104   0x00000096   Code   RO         4212    .emb_text           port.o
    0x0800019a   0x0800019a   0x00000002   PAD
    0x0800019c   0x0800019c   0x00000024   Code   RO           20    .text               startup_stm32f10x_md.o
    0x080001c0   0x080001c0   0x00000024   Code   RO         5175    .text               mc_w.l(memcpya.o)
    0x080001e4   0x080001e4   0x00000024   Code   RO         5177    .text               mc_w.l(memseta.o)
    0x08000208   0x08000208   0x000000b0   Code   RO         5444    .text               mf_w.l(fadd.o)
    0x080002b8   0x080002b8   0x0000007c   Code   RO         5448    .text               mf_w.l(fdiv.o)
    0x08000334   0x08000334   0x0000000a   Code   RO         5450    .text               mf_w.l(ffltui.o)
    0x0800033e   0x0800033e   0x00000028   Code   RO         5452    .text               mf_w.l(ffixui.o)
    0x08000366   0x08000366   0x00000026   Code   RO         5454    .text               mf_w.l(f2d.o)
    0x0800038c   0x0800038c   0x00000014   Code   RO         5456    .text               mf_w.l(cfcmple.o)
    0x080003a0   0x080003a0   0x0000002c   Code   RO         5475    .text               mc_w.l(uidiv.o)
    0x080003cc   0x080003cc   0x00000062   Code   RO         5477    .text               mc_w.l(uldiv.o)
    0x0800042e   0x0800042e   0x00000000   Code   RO         5479    .text               mc_w.l(iusefp.o)
    0x0800042e   0x0800042e   0x0000006e   Code   RO         5480    .text               mf_w.l(fepilogue.o)
    0x0800049c   0x0800049c   0x0000014e   Code   RO         5482    .text               mf_w.l(dadd.o)
    0x080005ea   0x080005ea   0x000000e4   Code   RO         5484    .text               mf_w.l(dmul.o)
    0x080006ce   0x080006ce   0x000000de   Code   RO         5486    .text               mf_w.l(ddiv.o)
    0x080007ac   0x080007ac   0x00000030   Code   RO         5488    .text               mf_w.l(dfixul.o)
    0x080007dc   0x080007dc   0x00000030   Code   RO         5490    .text               mf_w.l(cdrcmple.o)
    0x0800080c   0x0800080c   0x00000024   Code   RO         5492    .text               mc_w.l(init.o)
    0x08000830   0x08000830   0x0000001e   Code   RO         5494    .text               mc_w.l(llshl.o)
    0x0800084e   0x0800084e   0x00000020   Code   RO         5496    .text               mc_w.l(llushr.o)
    0x0800086e   0x0800086e   0x00000024   Code   RO         5498    .text               mc_w.l(llsshr.o)
    0x08000892   0x08000892   0x000000ba   Code   RO         5500    .text               mf_w.l(depilogue.o)
    0x0800094c   0x0800094c   0x00000054   Code   RO          535    i.DHT11_Init        dht11.o
    0x080009a0   0x080009a0   0x000000f8   Code   RO          536    i.DHT11_Read        dht11.o
    0x08000a98   0x08000a98   0x00000116   Code   RO         1873    i.GPIO_Init         stm32f10x_gpio.o
    0x08000bae   0x08000bae   0x00000002   PAD
    0x08000bb0   0x08000bb0   0x00000090   Code   RO         1875    i.GPIO_PinRemapConfig  stm32f10x_gpio.o
    0x08000c40   0x08000c40   0x00000012   Code   RO         1877    i.GPIO_ReadInputDataBit  stm32f10x_gpio.o
    0x08000c52   0x08000c52   0x00000012   Code   RO         1879    i.GPIO_ReadOutputDataBit  stm32f10x_gpio.o
    0x08000c64   0x08000c64   0x00000004   Code   RO         1880    i.GPIO_ResetBits    stm32f10x_gpio.o
    0x08000c68   0x08000c68   0x00000004   Code   RO         1881    i.GPIO_SetBits      stm32f10x_gpio.o
    0x08000c6c   0x08000c6c   0x0000001c   Code   RO          691    i.Gizwits_Init      wifi.o
    0x08000c88   0x08000c88   0x00000058   Code   RO          456    i.Key_Init          key.o
    0x08000ce0   0x08000ce0   0x00000058   Code   RO          444    i.Led_Init          led.o
    0x08000d38   0x08000d38   0x0000001c   Code   RO          487    i.Morot_Down        motor.o
    0x08000d54   0x08000d54   0x000000f8   Code   RO          488    i.Morot_Init        motor.o
    0x08000e4c   0x08000e4c   0x0000001c   Code   RO          489    i.Morot_Up          motor.o
    0x08000e68   0x08000e68   0x0000003a   Code   RO          559    i.OLED_Clear        oled.o
    0x08000ea2   0x08000ea2   0x00000002   PAD
    0x08000ea4   0x08000ea4   0x0000006c   Code   RO          560    i.OLED_DisplayChar  oled.o
    0x08000f10   0x08000f10   0x00000054   Code   RO          561    i.OLED_DisplayChin  oled.o
    0x08000f64   0x08000f64   0x00000072   Code   RO          562    i.OLED_DisplayNewPic  oled.o
    0x08000fd6   0x08000fd6   0x0000005a   Code   RO          563    i.OLED_DisplayPic   oled.o
    0x08001030   0x08001030   0x00000080   Code   RO          564    i.OLED_DisplayStr   oled.o
    0x080010b0   0x080010b0   0x000000d4   Code   RO          565    i.OLED_Init         oled.o
    0x08001184   0x08001184   0x0000004c   Code   RO          566    i.OLED_Pin_Init     oled.o
    0x080011d0   0x080011d0   0x0000002c   Code   RO          567    i.OLED_Send_Cmd     oled.o
    0x080011fc   0x080011fc   0x0000002c   Code   RO          568    i.OLED_Send_Data    oled.o
    0x08001228   0x08001228   0x00000058   Code   RO          569    i.OLED_SetClear     oled.o
    0x08001280   0x08001280   0x00000048   Code   RO          570    i.OLED_Transferdata  oled.o
    0x080012c8   0x080012c8   0x00000020   Code   RO         2289    i.RCC_APB1PeriphClockCmd  stm32f10x_rcc.o
    0x080012e8   0x080012e8   0x00000020   Code   RO         2291    i.RCC_APB2PeriphClockCmd  stm32f10x_rcc.o
    0x08001308   0x08001308   0x000000d4   Code   RO         2299    i.RCC_GetClocksFreq  stm32f10x_rcc.o
    0x080013dc   0x080013dc   0x00000050   Code   RO          511    i.RGB_Init          rgb.o
    0x0800142c   0x0800142c   0x00000060   Code   RO          512    i.RGB_SendData      rgb.o
    0x0800148c   0x0800148c   0x0000005c   Code   RO          513    i.RGB_Transferdata  rgb.o
    0x080014e8   0x080014e8   0x00000030   Code   RO          475    i.Relay_Init        relay.o
    0x08001518   0x08001518   0x00000150   Code   RO          667    i.Remote_Init       remote.o
    0x08001668   0x08001668   0x00000008   Code   RO           24    i.SetSysClock       system_stm32f10x.o
    0x08001670   0x08001670   0x000000e0   Code   RO           25    i.SetSysClockTo72   system_stm32f10x.o
    0x08001750   0x08001750   0x0000015c   Code   RO          391    i.Start_Task        app.o
    0x080018ac   0x080018ac   0x00000038   Code   RO          644    i.Step_Motor_Init   step_motor.o
    0x080018e4   0x080018e4   0x00000164   Code   RO          645    i.Step_Soft_Control  step_motor.o
    0x08001a48   0x08001a48   0x00000034   Code   RO         4213    i.SysTick_Handler   port.o
    0x08001a7c   0x08001a7c   0x00000060   Code   RO           27    i.SystemInit        system_stm32f10x.o
    0x08001adc   0x08001adc   0x00000080   Code   RO         2907    i.TI1_Config        stm32f10x_tim.o
    0x08001b5c   0x08001b5c   0x00000098   Code   RO         2908    i.TI2_Config        stm32f10x_tim.o
    0x08001bf4   0x08001bf4   0x00000090   Code   RO         2909    i.TI3_Config        stm32f10x_tim.o
    0x08001c84   0x08001c84   0x00000098   Code   RO         2910    i.TI4_Config        stm32f10x_tim.o
    0x08001d1c   0x08001d1c   0x000000f4   Code   RO          355    i.TIM1_Init         tim1.o
    0x08001e10   0x08001e10   0x00000020   Code   RO          356    i.TIM1_UP_IRQHandler  tim1.o
    0x08001e30   0x08001e30   0x000000bc   Code   RO          668    i.TIM2_IRQHandler   remote.o
    0x08001eec   0x08001eec   0x00000010   Code   RO          373    i.TIM4_IRQHandler   tim4.o
    0x08001efc   0x08001efc   0x00000018   Code   RO         2911    i.TIM_ARRPreloadConfig  stm32f10x_tim.o
    0x08001f14   0x08001f14   0x00000006   Code   RO         2917    i.TIM_ClearFlag     stm32f10x_tim.o
    0x08001f1a   0x08001f1a   0x00000006   Code   RO         2918    i.TIM_ClearITPendingBit  stm32f10x_tim.o
    0x08001f20   0x08001f20   0x00000018   Code   RO         2923    i.TIM_Cmd           stm32f10x_tim.o
    0x08001f38   0x08001f38   0x00000006   Code   RO         2939    i.TIM_GetCapture2   stm32f10x_tim.o
    0x08001f3e   0x08001f3e   0x00000022   Code   RO         2944    i.TIM_GetITStatus   stm32f10x_tim.o
    0x08001f60   0x08001f60   0x000000ac   Code   RO         2946    i.TIM_ICInit        stm32f10x_tim.o
    0x0800200c   0x0800200c   0x00000012   Code   RO         2948    i.TIM_ITConfig      stm32f10x_tim.o
    0x0800201e   0x0800201e   0x00000002   PAD
    0x08002020   0x08002020   0x00000098   Code   RO         2952    i.TIM_OC1Init       stm32f10x_tim.o
    0x080020b8   0x080020b8   0x00000012   Code   RO         2955    i.TIM_OC1PreloadConfig  stm32f10x_tim.o
    0x080020ca   0x080020ca   0x00000002   PAD
    0x080020cc   0x080020cc   0x000000a4   Code   RO         2957    i.TIM_OC2Init       stm32f10x_tim.o
    0x08002170   0x08002170   0x0000001a   Code   RO         2959    i.TIM_OC2PolarityConfig  stm32f10x_tim.o
    0x0800218a   0x0800218a   0x0000001a   Code   RO         2960    i.TIM_OC2PreloadConfig  stm32f10x_tim.o
    0x080021a4   0x080021a4   0x00000004   Code   RO         2984    i.TIM_SetCompare1   stm32f10x_tim.o
    0x080021a8   0x080021a8   0x00000004   Code   RO         2985    i.TIM_SetCompare2   stm32f10x_tim.o
    0x080021ac   0x080021ac   0x00000004   Code   RO         2988    i.TIM_SetCounter    stm32f10x_tim.o
    0x080021b0   0x080021b0   0x00000012   Code   RO         2989    i.TIM_SetIC1Prescaler  stm32f10x_tim.o
    0x080021c2   0x080021c2   0x0000001a   Code   RO         2990    i.TIM_SetIC2Prescaler  stm32f10x_tim.o
    0x080021dc   0x080021dc   0x00000012   Code   RO         2991    i.TIM_SetIC3Prescaler  stm32f10x_tim.o
    0x080021ee   0x080021ee   0x0000001a   Code   RO         2992    i.TIM_SetIC4Prescaler  stm32f10x_tim.o
    0x08002208   0x08002208   0x000000a4   Code   RO         2994    i.TIM_TimeBaseInit  stm32f10x_tim.o
    0x080022ac   0x080022ac   0x000009ac   Code   RO          392    i.Task1             app.o
    0x08002c58   0x08002c58   0x00000084   Code   RO          393    i.Task2             app.o
    0x08002cdc   0x08002cdc   0x000009ac   Code   RO          394    i.Task3             app.o
    0x08003688   0x08003688   0x00000020   Code   RO          395    i.Timer1_CallBack   app.o
    0x080036a8   0x080036a8   0x00000098   Code   RO          396    i.Timer2_CallBack   app.o
    0x08003740   0x08003740   0x00000074   Code   RO          321    i.USART1_IRQHandler  usart1.o
    0x080037b4   0x080037b4   0x00000034   Code   RO          692    i.USART2_IRQHandler  wifi.o
    0x080037e8   0x080037e8   0x0000001e   Code   RO         3456    i.USART_ClearITPendingBit  stm32f10x_usart.o
    0x08003806   0x08003806   0x00000018   Code   RO         3459    i.USART_Cmd         stm32f10x_usart.o
    0x0800381e   0x0800381e   0x0000001a   Code   RO         3462    i.USART_GetFlagStatus  stm32f10x_usart.o
    0x08003838   0x08003838   0x00000054   Code   RO         3463    i.USART_GetITStatus  stm32f10x_usart.o
    0x0800388c   0x0800388c   0x0000004a   Code   RO         3465    i.USART_ITConfig    stm32f10x_usart.o
    0x080038d6   0x080038d6   0x00000002   PAD
    0x080038d8   0x080038d8   0x000000d8   Code   RO         3466    i.USART_Init        stm32f10x_usart.o
    0x080039b0   0x080039b0   0x0000000a   Code   RO         3473    i.USART_ReceiveData  stm32f10x_usart.o
    0x080039ba   0x080039ba   0x00000008   Code   RO         3476    i.USART_SendData    stm32f10x_usart.o
    0x080039c2   0x080039c2   0x00000002   PAD
    0x080039c4   0x080039c4   0x0000014c   Code   RO          322    i.Usart1_Init       usart1.o
    0x08003b10   0x08003b10   0x00000140   Code   RO          693    i.Usart2_Init       wifi.o
    0x08003c50   0x08003c50   0x0000009c   Code   RO          694    i.WIFI_Connect      wifi.o
    0x08003cec   0x08003cec   0x00000020   Code   RO         5416    i.__0printf         mc_w.l(printfa.o)
    0x08003d0c   0x08003d0c   0x00000028   Code   RO         5418    i.__0sprintf        mc_w.l(printfa.o)
    0x08003d34   0x08003d34   0x0000000e   Code   RO         5504    i.__scatterload_copy  mc_w.l(handlers.o)
    0x08003d42   0x08003d42   0x00000002   Code   RO         5505    i.__scatterload_null  mc_w.l(handlers.o)
    0x08003d44   0x08003d44   0x0000000e   Code   RO         5506    i.__scatterload_zeroinit  mc_w.l(handlers.o)
    0x08003d52   0x08003d52   0x00000002   PAD
    0x08003d54   0x08003d54   0x00000184   Code   RO         5423    i._fp_digits        mc_w.l(printfa.o)
    0x08003ed8   0x08003ed8   0x000006b4   Code   RO         5424    i._printf_core      mc_w.l(printfa.o)
    0x0800458c   0x0800458c   0x00000024   Code   RO         5425    i._printf_post_padding  mc_w.l(printfa.o)
    0x080045b0   0x080045b0   0x0000002e   Code   RO         5426    i._printf_pre_padding  mc_w.l(printfa.o)
    0x080045de   0x080045de   0x0000000a   Code   RO         5428    i._sputc            mc_w.l(printfa.o)
    0x080045e8   0x080045e8   0x00000018   Code   RO          295    i.delay_ms          delay.o
    0x08004600   0x08004600   0x0000009c   Code   RO          296    i.delay_us          delay.o
    0x0800469c   0x0800469c   0x00000048   Code   RO         4663    i.eTaskConfirmSleepModeStatus  tasks.o
    0x080046e4   0x080046e4   0x0000001a   Code   RO         3953    i.exchangeBytes     common.o
    0x080046fe   0x080046fe   0x0000001a   Code   RO         3954    i.exchangeWord      common.o
    0x08004718   0x08004718   0x00000024   Code   RO          323    i.fputc             usart1.o
    0x0800473c   0x0800473c   0x0000002a   Code   RO         4025    i.gizAcrossByteJudge  datapointtools.o
    0x08004766   0x08004766   0x00000032   Code   RO         4026    i.gizByteOrderExchange  datapointtools.o
    0x08004798   0x08004798   0x00000218   Code   RO         3789    i.gizCheckReport    gizwits_protocol.o
    0x080049b0   0x080049b0   0x00000204   Code   RO         3790    i.gizDataPoint2Event  gizwits_protocol.o
    0x08004bb4   0x08004bb4   0x00000110   Code   RO         3791    i.gizDataPoints2ReportData  gizwits_protocol.o
    0x08004cc4   0x08004cc4   0x000000bc   Code   RO         3792    i.gizDevReportPolicy  gizwits_protocol.o
    0x08004d80   0x08004d80   0x0000000c   Code   RO         3692    i.gizGetTimerCount  gizwits_product.o
    0x08004d8c   0x08004d8c   0x0000008c   Code   RO         3793    i.gizProtocolAckHandle  gizwits_protocol.o
    0x08004e18   0x08004e18   0x000000a0   Code   RO         3794    i.gizProtocolCommonAck  gizwits_protocol.o
    0x08004eb8   0x08004eb8   0x000000a4   Code   RO         3795    i.gizProtocolErrorCmd  gizwits_protocol.o
    0x08004f5c   0x08004f5c   0x0000017c   Code   RO         3796    i.gizProtocolGetDeviceInfo  gizwits_protocol.o
    0x080050d8   0x080050d8   0x000001fc   Code   RO         3797    i.gizProtocolGetOnePacket  gizwits_protocol.o
    0x080052d4   0x080052d4   0x00000050   Code   RO         3798    i.gizProtocolHeadInit  gizwits_protocol.o
    0x08005324   0x08005324   0x00000140   Code   RO         3799    i.gizProtocolIssuedDataAck  gizwits_protocol.o
    0x08005464   0x08005464   0x00000114   Code   RO         3800    i.gizProtocolIssuedProcess  gizwits_protocol.o
    0x08005578   0x08005578   0x0000005c   Code   RO         3801    i.gizProtocolModuleInfoHandle  gizwits_protocol.o
    0x080055d4   0x080055d4   0x00000504   Code   RO         3802    i.gizProtocolModuleStatus  gizwits_protocol.o
    0x08005ad8   0x08005ad8   0x0000008c   Code   RO         3803    i.gizProtocolNTP    gizwits_protocol.o
    0x08005b64   0x08005b64   0x0000001c   Code   RO         3804    i.gizProtocolReboot  gizwits_protocol.o
    0x08005b80   0x08005b80   0x0000007c   Code   RO         3805    i.gizProtocolResendData  gizwits_protocol.o
    0x08005bfc   0x08005bfc   0x00000026   Code   RO         3956    i.gizProtocolSum    common.o
    0x08005c22   0x08005c22   0x00000002   PAD
    0x08005c24   0x08005c24   0x00000064   Code   RO         3806    i.gizProtocolWaitAck  gizwits_protocol.o
    0x08005c88   0x08005c88   0x00000048   Code   RO         3807    i.gizProtocolWaitAckCheck  gizwits_protocol.o
    0x08005cd0   0x08005cd0   0x00000074   Code   RO         3808    i.gizPutData        gizwits_protocol.o
    0x08005d44   0x08005d44   0x000000d4   Code   RO         3809    i.gizReportData     gizwits_protocol.o
    0x08005e18   0x08005e18   0x00000080   Code   RO         4027    i.gizStandardCompressValue  datapointtools.o
    0x08005e98   0x08005e98   0x000000c2   Code   RO         4028    i.gizStandardDecompressionValue  datapointtools.o
    0x08005f5a   0x08005f5a   0x00000002   PAD
    0x08005f5c   0x08005f5c   0x00000010   Code   RO         3693    i.gizTimerMs        gizwits_product.o
    0x08005f6c   0x08005f6c   0x0000000c   Code   RO         4031    i.gizX2Y            datapointtools.o
    0x08005f78   0x08005f78   0x0000000e   Code   RO         4033    i.gizY2X            datapointtools.o
    0x08005f86   0x08005f86   0x0000002a   Code   RO         4034    i.gizY2XFloat       datapointtools.o
    0x08005fb0   0x08005fb0   0x0000039c   Code   RO         3694    i.gizwitsEventProcess  gizwits_product.o
    0x0800634c   0x0800634c   0x00000084   Code   RO         3811    i.gizwitsGetNTP     gizwits_protocol.o
    0x080063d0   0x080063d0   0x00000320   Code   RO         3812    i.gizwitsHandle     gizwits_protocol.o
    0x080066f0   0x080066f0   0x00000064   Code   RO         3813    i.gizwitsInit       gizwits_protocol.o
    0x08006754   0x08006754   0x00000288   Code   RO         3815    i.gizwitsSetMode    gizwits_protocol.o
    0x080069dc   0x080069dc   0x000000a4   Code   RO          457    i.key_scanf         key.o
    0x08006a80   0x08006a80   0x0000008c   Code   RO          137    i.main              main.o
    0x08006b0c   0x08006b0c   0x00000030   Code   RO         3695    i.mcuRestart        gizwits_product.o
    0x08006b3c   0x08006b3c   0x00000098   Code   RO         4666    i.prvAddCurrentTaskToDelayedList  tasks.o
    0x08006bd4   0x08006bd4   0x000000b4   Code   RO         4667    i.prvAddNewTaskToReadyList  tasks.o
    0x08006c88   0x08006c88   0x00000064   Code   RO         5025    i.prvCheckForValidListAndQueue  timers.o
    0x08006cec   0x08006cec   0x00000048   Code   RO         4668    i.prvCheckTasksWaitingTermination  tasks.o
    0x08006d34   0x08006d34   0x0000002a   Code   RO         4430    i.prvCopyDataFromQueue  queue.o
    0x08006d5e   0x08006d5e   0x0000007e   Code   RO         4431    i.prvCopyDataToQueue  queue.o
    0x08006ddc   0x08006ddc   0x00000012   Code   RO         4669    i.prvDeleteTCB      tasks.o
    0x08006dee   0x08006dee   0x00000002   PAD
    0x08006df0   0x08006df0   0x0000004c   Code   RO         4670    i.prvGetExpectedIdleTime  tasks.o
    0x08006e3c   0x08006e3c   0x00000028   Code   RO         5026    i.prvGetNextExpireTime  timers.o
    0x08006e64   0x08006e64   0x0000007c   Code   RO         4145    i.prvHeapInit       heap_4.o
    0x08006ee0   0x08006ee0   0x0000004c   Code   RO         4671    i.prvIdleTask       tasks.o
    0x08006f2c   0x08006f2c   0x0000001e   Code   RO         4433    i.prvInitialiseMutex  queue.o
    0x08006f4a   0x08006f4a   0x0000002a   Code   RO         4434    i.prvInitialiseNewQueue  queue.o
    0x08006f74   0x08006f74   0x00000090   Code   RO         4672    i.prvInitialiseNewTask  tasks.o
    0x08007004   0x08007004   0x0000003a   Code   RO         5027    i.prvInitialiseNewTimer  timers.o
    0x0800703e   0x0800703e   0x00000002   PAD
    0x08007040   0x08007040   0x00000068   Code   RO         4673    i.prvInitialiseTaskLists  tasks.o
    0x080070a8   0x080070a8   0x00000068   Code   RO         4146    i.prvInsertBlockIntoFreeList  heap_4.o
    0x08007110   0x08007110   0x00000058   Code   RO         5028    i.prvInsertTimerInActiveList  timers.o
    0x08007168   0x08007168   0x0000001a   Code   RO         4435    i.prvIsQueueEmpty   queue.o
    0x08007182   0x08007182   0x0000001e   Code   RO         4436    i.prvIsQueueFull    queue.o
    0x080071a0   0x080071a0   0x0000004c   Code   RO         4437    i.prvNotifyQueueSetContainer  queue.o
    0x080071ec   0x080071ec   0x0000005c   Code   RO         5029    i.prvProcessExpiredTimer  timers.o
    0x08007248   0x08007248   0x0000010c   Code   RO         5030    i.prvProcessReceivedCommands  timers.o
    0x08007354   0x08007354   0x00000074   Code   RO         5031    i.prvProcessTimerOrBlockTask  timers.o
    0x080073c8   0x080073c8   0x00000030   Code   RO         4674    i.prvResetNextTaskUnblockTime  tasks.o
    0x080073f8   0x080073f8   0x0000002c   Code   RO         5032    i.prvSampleTimeNow  timers.o
    0x08007424   0x08007424   0x00000088   Code   RO         5033    i.prvSwitchTimerLists  timers.o
    0x080074ac   0x080074ac   0x00000016   Code   RO         4214    i.prvTaskExitError  port.o
    0x080074c2   0x080074c2   0x0000001a   Code   RO         5034    i.prvTimerTask      timers.o
    0x080074dc   0x080074dc   0x00000090   Code   RO         4438    i.prvUnlockQueue    queue.o
    0x0800756c   0x0800756c   0x000000e0   Code   RO         4147    i.pvPortMalloc      heap_4.o
    0x0800764c   0x0800764c   0x00000024   Code   RO         4215    i.pxPortInitialiseStack  port.o
    0x08007670   0x08007670   0x00000038   Code   RO         4094    i.rbCanRead         ringbuffer.o
    0x080076a8   0x080076a8   0x0000001e   Code   RO         4095    i.rbCanWrite        ringbuffer.o
    0x080076c6   0x080076c6   0x0000000e   Code   RO         4096    i.rbCapacity        ringbuffer.o
    0x080076d4   0x080076d4   0x00000016   Code   RO         4097    i.rbCreate          ringbuffer.o
    0x080076ea   0x080076ea   0x000000a2   Code   RO         4099    i.rbRead            ringbuffer.o
    0x0800778c   0x0800778c   0x0000009a   Code   RO         4100    i.rbWrite           ringbuffer.o
    0x08007826   0x08007826   0x00000002   PAD
    0x08007828   0x08007828   0x00000058   Code   RO         3696    i.uartWrite         gizwits_product.o
    0x08007880   0x08007880   0x00000028   Code   RO         4393    i.uxListRemove      list.o
    0x080078a8   0x080078a8   0x00000004   Code   RO         4216    i.vApplicationStackOverflowHook  port.o
    0x080078ac   0x080078ac   0x0000001a   Code   RO         4394    i.vListInitialise   list.o
    0x080078c6   0x080078c6   0x00000006   Code   RO         4395    i.vListInitialiseItem  list.o
    0x080078cc   0x080078cc   0x00000034   Code   RO         4396    i.vListInsert       list.o
    0x08007900   0x08007900   0x00000018   Code   RO         4397    i.vListInsertEnd    list.o
    0x08007918   0x08007918   0x00000024   Code   RO         4218    i.vPortEnterCritical  port.o
    0x0800793c   0x0800793c   0x00000020   Code   RO         4219    i.vPortExitCritical  port.o
    0x0800795c   0x0800795c   0x00000058   Code   RO         4148    i.vPortFree         heap_4.o
    0x080079b4   0x080079b4   0x00000044   Code   RO         4220    i.vPortSetupTimerInterrupt  port.o
    0x080079f8   0x080079f8   0x0000014c   Code   RO         4221    i.vPortSuppressTicksAndSleep  port.o
    0x08007b44   0x08007b44   0x0000002c   Code   RO         4442    i.vQueueAddToRegistry  queue.o
    0x08007b70   0x08007b70   0x0000004a   Code   RO         4445    i.vQueueWaitForMessageRestricted  queue.o
    0x08007bba   0x08007bba   0x00000002   PAD
    0x08007bbc   0x08007bbc   0x00000034   Code   RO         4683    i.vTaskDelay        tasks.o
    0x08007bf0   0x08007bf0   0x000000cc   Code   RO         4685    i.vTaskDelete       tasks.o
    0x08007cbc   0x08007cbc   0x00000018   Code   RO         4688    i.vTaskInternalSetTimeOutState  tasks.o
    0x08007cd4   0x08007cd4   0x0000000c   Code   RO         4689    i.vTaskMissedYield  tasks.o
    0x08007ce0   0x08007ce0   0x00000020   Code   RO         4690    i.vTaskPlaceOnEventList  tasks.o
    0x08007d00   0x08007d00   0x00000028   Code   RO         4691    i.vTaskPlaceOnEventListRestricted  tasks.o
    0x08007d28   0x08007d28   0x00000070   Code   RO         4698    i.vTaskStartScheduler  tasks.o
    0x08007d98   0x08007d98   0x00000010   Code   RO         4699    i.vTaskStepTick     tasks.o
    0x08007da8   0x08007da8   0x00000010   Code   RO         4701    i.vTaskSuspendAll   tasks.o
    0x08007db8   0x08007db8   0x00000080   Code   RO         4702    i.vTaskSwitchContext  tasks.o
    0x08007e38   0x08007e38   0x00000034   Code   RO         4222    i.xPortStartScheduler  port.o
    0x08007e6c   0x08007e6c   0x0000001a   Code   RO         4447    i.xQueueCreateCountingSemaphore  queue.o
    0x08007e86   0x08007e86   0x00000022   Code   RO         4448    i.xQueueCreateMutex  queue.o
    0x08007ea8   0x08007ea8   0x00000034   Code   RO         4450    i.xQueueGenericCreate  queue.o
    0x08007edc   0x08007edc   0x00000080   Code   RO         4451    i.xQueueGenericReset  queue.o
    0x08007f5c   0x08007f5c   0x00000148   Code   RO         4452    i.xQueueGenericSend  queue.o
    0x080080a4   0x080080a4   0x000000a8   Code   RO         4453    i.xQueueGenericSendFromISR  queue.o
    0x0800814c   0x0800814c   0x00000104   Code   RO         4460    i.xQueueReceive     queue.o
    0x08008250   0x08008250   0x00000060   Code   RO         4704    i.xTaskCheckForTimeOut  tasks.o
    0x080082b0   0x080082b0   0x00000060   Code   RO         4705    i.xTaskCreate       tasks.o
    0x08008310   0x08008310   0x00000020   Code   RO         4711    i.xTaskGetSchedulerState  tasks.o
    0x08008330   0x08008330   0x0000000c   Code   RO         4712    i.xTaskGetTickCount  tasks.o
    0x0800833c   0x0800833c   0x0000011c   Code   RO         4714    i.xTaskIncrementTick  tasks.o
    0x08008458   0x08008458   0x00000074   Code   RO         4715    i.xTaskPriorityDisinherit  tasks.o
    0x080084cc   0x080084cc   0x00000084   Code   RO         4717    i.xTaskRemoveFromEventList  tasks.o
    0x08008550   0x08008550   0x000000e8   Code   RO         4718    i.xTaskResumeAll    tasks.o
    0x08008638   0x08008638   0x00000036   Code   RO         5039    i.xTimerCreate      timers.o
    0x0800866e   0x0800866e   0x00000002   PAD
    0x08008670   0x08008670   0x0000003c   Code   RO         5040    i.xTimerCreateTimerTask  timers.o
    0x080086ac   0x080086ac   0x0000006c   Code   RO         5041    i.xTimerGenericCommand  timers.o
    0x08008718   0x08008718   0x000020a0   Data   RO          398    .constdata          app.o
    0x0800a7b8   0x0800a7b8   0x000008fe   Data   RO          571    .constdata          oled.o
    0x0800b0b6   0x0800b0b6   0x00000002   PAD
    0x0800b0b8   0x0800b0b8   0x00000020   Data   RO         5502    Region$$Table       anon$$obj.o


    Execution Region RW_IRAM1 (Exec base: 0x20000000, Load base: 0x0800b0d8, Size: 0x00004d58, Max: 0x00005000, ABSOLUTE)

    Exec Addr    Load Addr    Size         Type   Attr      Idx    E Section Name        Object

    0x20000000   0x0800b0d8   0x00000001   Data   RW          138    .data               main.o
    0x20000001   0x0800b0d9   0x00000003   PAD
    0x20000004   0x0800b0dc   0x0000003f   Data   RW          399    .data               app.o
    0x20000043   0x0800b11b   0x00000001   Data   RW          458    .data               key.o
    0x20000044   0x0800b11c   0x00000008   Data   RW          537    .data               dht11.o
    0x2000004c   0x0800b124   0x0000000d   Data   RW          669    .data               remote.o
    0x20000059   0x0800b131   0x00000001   Data   RW          695    .data               wifi.o
    0x2000005a   0x0800b132   0x00000014   Data   RW         2319    .data               stm32f10x_rcc.o
    0x2000006e   0x0800b146   0x00000002   PAD
    0x20000070   0x0800b148   0x00000005   Data   RW         3700    .data               gizwits_product.o
    0x20000075   0x0800b14d   0x00000003   PAD
    0x20000078   0x0800b150   0x00000010   Data   RW         3817    .data               gizwits_protocol.o
    0x20000088   0x0800b160   0x00000020   Data   RW         4154    .data               heap_4.o
    0x200000a8   0x0800b180   0x00000010   Data   RW         4223    .data               port.o
    0x200000b8   0x0800b190   0x0000003c   Data   RW         4721    .data               tasks.o
    0x200000f4   0x0800b1cc   0x00000014   Data   RW         5049    .data               timers.o
    0x20000108   0x0800b1e0   0x00000004   Data   RW         5474    .data               mc_w.l(stdout.o)
    0x2000010c        -       0x00000066   Zero   RW          324    .bss                usart1.o
    0x20000172        -       0x0000001e   Zero   RW          397    .bss                app.o
    0x20000190        -       0x0000002c   Zero   RW         3699    .bss                gizwits_product.o
    0x200001bc        -       0x0000025a   Zero   RW         3816    .bss                gizwits_protocol.o
    0x20000416        -       0x00004400   Zero   RW         4153    .bss                heap_4.o
    0x20004816   0x0800b1e4   0x00000002   PAD
    0x20004818        -       0x00000050   Zero   RW         4467    .bss                queue.o
    0x20004868        -       0x000000c8   Zero   RW         4720    .bss                tasks.o
    0x20004930        -       0x00000028   Zero   RW         5048    .bss                timers.o
    0x20004958        -       0x00000400   Zero   RW           17    STACK               startup_stm32f10x_md.o


==============================================================================

Image component sizes


      Code (inc. data)   RO Data    RW Data    ZI Data      Debug   Object Name

      5616        834       8352         63         30       7727   app.o
        90          0          0          0          0       3292   common.o
         0          0          0          0          0       4564   core_cm3.o
       482          0          0          0          0       5463   datapointtools.o
       180          0          0          0          0       1114   delay.o
       332         28          0          8          0       1454   dht11.o
         0          0          0          0          0      10940   event_groups.o
      1088        378          0          5         44      27750   gizwits_product.o
      7388       2356          0         16        602      18866   gizwits_protocol.o
       540         74          0         32      17408       6007   heap_4.o
       252         22          0          1          0       1063   key.o
        88         10          0          0          0        483   led.o
       148          0          0          0          0       3034   list.o
       140         30          0          1          0     238736   main.o
       304         30          0          0          0       1621   motor.o
      1118         38       2302          0          0       8679   oled.o
       784         74          0         16          0      16029   port.o
      1630         22          0          0         80      16478   queue.o
        48          6          0          0          0        469   relay.o
       524         34          0         13          0       1953   remote.o
       268         12          0          0          0       1681   rgb.o
       438          0          0          0          0       4348   ringbuffer.o
        36          8        236          0       1024        768   startup_stm32f10x_md.o
       412         10          0          0          0       1362   step_motor.o
       466          6          0          0          0       5115   stm32f10x_gpio.o
       276         32          0         20          0       4430   stm32f10x_rcc.o
      1516        180          0          0          0      15951   stm32f10x_tim.o
       472          6          0          0          0       6799   stm32f10x_usart.o
       328         28          0          0          0      45317   system_stm32f10x.o
      2578        424          0         60        200      31398   tasks.o
       276         22          0          0          0       1393   tim1.o
        16          4          0          0          0        422   tim4.o
      1190        112          0         20         40      12434   timers.o
       484         36          0          0        102      17674   usart1.o
       556        110          0          1          0       2428   wifi.o

    ----------------------------------------------------------------------
     30092       4926      10924        264      19532     527242   Object Totals
         0          0         32          0          0          0   (incl. Generated)
        28          0          2          8          2          0   (incl. Padding)

    ----------------------------------------------------------------------

      Code (inc. data)   RO Data    RW Data    ZI Data      Debug   Library Member Name

         0          0          0          0          0          0   entry.o
         0          0          0          0          0          0   entry10a.o
         0          0          0          0          0          0   entry11a.o
         4          0          0          0          0          0   entry12b.o
         8          4          0          0          0          0   entry2.o
         4          0          0          0          0          0   entry5.o
         0          0          0          0          0          0   entry7b.o
         0          0          0          0          0          0   entry8b.o
         8          4          0          0          0          0   entry9a.o
        30          0          0          0          0          0   handlers.o
        36          8          0          0          0         68   init.o
         0          0          0          0          0          0   iusefp.o
        30          0          0          0          0         68   llshl.o
        36          0          0          0          0         68   llsshr.o
        32          0          0          0          0         68   llushr.o
        36          0          0          0          0         68   memcpya.o
        36          0          0          0          0        108   memseta.o
      2268         96          0          0          0        616   printfa.o
         0          0          0          4          0          0   stdout.o
        44          0          0          0          0         80   uidiv.o
        98          0          0          0          0         92   uldiv.o
        48          0          0          0          0         68   cdrcmple.o
        20          0          0          0          0         68   cfcmple.o
       334          0          0          0          0        148   dadd.o
       222          0          0          0          0        100   ddiv.o
       186          0          0          0          0        176   depilogue.o
        48          0          0          0          0         68   dfixul.o
       228          0          0          0          0         96   dmul.o
        38          0          0          0          0         68   f2d.o
       176          0          0          0          0        140   fadd.o
       124          0          0          0          0         88   fdiv.o
       110          0          0          0          0        168   fepilogue.o
        40          0          0          0          0         68   ffixui.o
        10          0          0          0          0         68   ffltui.o

    ----------------------------------------------------------------------
      4256        112          0          4          0       2560   Library Totals
         2          0          0          0          0          0   (incl. Padding)

    ----------------------------------------------------------------------

      Code (inc. data)   RO Data    RW Data    ZI Data      Debug   Library Name

      2670        112          0          4          0       1236   mc_w.l
      1584          0          0          0          0       1324   mf_w.l

    ----------------------------------------------------------------------
      4256        112          0          4          0       2560   Library Totals

    ----------------------------------------------------------------------

==============================================================================


      Code (inc. data)   RO Data    RW Data    ZI Data      Debug   

     34348       5038      10924        268      19532     517630   Grand Totals
     34348       5038      10924        268      19532     517630   ELF Image Totals
     34348       5038      10924        268          0          0   ROM Totals

==============================================================================

    Total RO  Size (Code + RO Data)                45272 (  44.21kB)
    Total RW  Size (RW Data + ZI Data)             19800 (  19.34kB)
    Total ROM Size (Code + RO Data + RW Data)      45540 (  44.47kB)

==============================================================================

